Component: ARM Compiler 5.06 update 5 (build 528) Tool: armlink [4d35e2]

==============================================================================

Section Cross References

    startup_stm32h750xx.o(STACK) refers (Special) to heapauxi.o(.text) for __use_two_region_memory
    startup_stm32h750xx.o(HEAP) refers (Special) to heapauxi.o(.text) for __use_two_region_memory
    startup_stm32h750xx.o(RESET) refers (Special) to heapauxi.o(.text) for __use_two_region_memory
    startup_stm32h750xx.o(RESET) refers to startup_stm32h750xx.o(STACK) for __initial_sp
    startup_stm32h750xx.o(RESET) refers to startup_stm32h750xx.o(.text) for Reset_Handler
    startup_stm32h750xx.o(RESET) refers to stm32h7xx_it.o(i.NMI_Handler) for NMI_Handler
    startup_stm32h750xx.o(RESET) refers to stm32h7xx_it.o(i.HardFault_Handler) for HardFault_Handler
    startup_stm32h750xx.o(RESET) refers to stm32h7xx_it.o(i.MemManage_Handler) for MemManage_Handler
    startup_stm32h750xx.o(RESET) refers to stm32h7xx_it.o(i.BusFault_Handler) for BusFault_Handler
    startup_stm32h750xx.o(RESET) refers to stm32h7xx_it.o(i.UsageFault_Handler) for UsageFault_Handler
    startup_stm32h750xx.o(RESET) refers to stm32h7xx_it.o(i.SVC_Handler) for SVC_Handler
    startup_stm32h750xx.o(RESET) refers to stm32h7xx_it.o(i.DebugMon_Handler) for DebugMon_Handler
    startup_stm32h750xx.o(RESET) refers to stm32h7xx_it.o(i.PendSV_Handler) for PendSV_Handler
    startup_stm32h750xx.o(RESET) refers to stm32h7xx_it.o(i.SysTick_Handler) for SysTick_Handler
    startup_stm32h750xx.o(RESET) refers to stm32h7xx_it.o(i.DMA1_Stream0_IRQHandler) for DMA1_Stream0_IRQHandler
    startup_stm32h750xx.o(RESET) refers to stm32h7xx_it.o(i.DMA1_Stream1_IRQHandler) for DMA1_Stream1_IRQHandler
    startup_stm32h750xx.o(RESET) refers to stm32h7xx_it.o(i.USART1_IRQHandler) for USART1_IRQHandler
    startup_stm32h750xx.o(.text) refers (Special) to heapauxi.o(.text) for __use_two_region_memory
    startup_stm32h750xx.o(.text) refers to system_stm32h7xx.o(i.ExitRun0Mode) for ExitRun0Mode
    startup_stm32h750xx.o(.text) refers to system_stm32h7xx.o(i.SystemInit) for SystemInit
    startup_stm32h750xx.o(.text) refers to __main.o(!!!main) for __main
    startup_stm32h750xx.o(.text) refers to startup_stm32h750xx.o(HEAP) for Heap_Mem
    startup_stm32h750xx.o(.text) refers to startup_stm32h750xx.o(STACK) for Stack_Mem
    main.o(i.SystemClock_Config) refers to rt_memclr_w.o(.text) for __aeabi_memclr4
    main.o(i.SystemClock_Config) refers to stm32h7xx_hal_pwr_ex.o(i.HAL_PWREx_ConfigSupply) for HAL_PWREx_ConfigSupply
    main.o(i.SystemClock_Config) refers to stm32h7xx_hal_rcc.o(i.HAL_RCC_OscConfig) for HAL_RCC_OscConfig
    main.o(i.SystemClock_Config) refers to stm32h7xx_hal_rcc.o(i.HAL_RCC_ClockConfig) for HAL_RCC_ClockConfig
    main.o(i.main) refers to stm32h7xx_hal_cortex.o(i.HAL_MPU_Disable) for HAL_MPU_Disable
    main.o(i.main) refers to stm32h7xx_hal_cortex.o(i.HAL_MPU_ConfigRegion) for HAL_MPU_ConfigRegion
    main.o(i.main) refers to stm32h7xx_hal_cortex.o(i.HAL_MPU_Enable) for HAL_MPU_Enable
    main.o(i.main) refers to stm32h7xx_hal.o(i.HAL_Init) for HAL_Init
    main.o(i.main) refers to main.o(i.SystemClock_Config) for SystemClock_Config
    main.o(i.main) refers to gpio.o(i.MX_GPIO_Init) for MX_GPIO_Init
    main.o(i.main) refers to dma.o(i.MX_DMA_Init) for MX_DMA_Init
    main.o(i.main) refers to tim.o(i.MX_TIM2_Init) for MX_TIM2_Init
    main.o(i.main) refers to usart.o(i.MX_USART1_UART_Init) for MX_USART1_UART_Init
    main.o(i.main) refers to spi.o(i.MX_SPI4_Init) for MX_SPI4_Init
    main.o(i.main) refers to tim.o(i.MX_TIM1_Init) for MX_TIM1_Init
    main.o(i.main) refers to logic.o(i.Logic_Init) for Logic_Init
    main.o(i.main) refers to logic.o(i.Print_Init) for Print_Init
    main.o(i.main) refers to logic.o(i.Logic_Loop) for Logic_Loop
    main.o(i.main) refers to logic.o(i.Print_Loop) for Print_Loop
    gpio.o(i.MX_GPIO_Init) refers to rt_memclr_w.o(.text) for __aeabi_memclr4
    gpio.o(i.MX_GPIO_Init) refers to stm32h7xx_hal_gpio.o(i.HAL_GPIO_WritePin) for HAL_GPIO_WritePin
    gpio.o(i.MX_GPIO_Init) refers to stm32h7xx_hal_gpio.o(i.HAL_GPIO_Init) for HAL_GPIO_Init
    dma.o(i.MX_DMA_Init) refers to stm32h7xx_hal_cortex.o(i.HAL_NVIC_SetPriority) for HAL_NVIC_SetPriority
    dma.o(i.MX_DMA_Init) refers to stm32h7xx_hal_cortex.o(i.HAL_NVIC_EnableIRQ) for HAL_NVIC_EnableIRQ
    tim.o(i.HAL_TIM_MspPostInit) refers to rt_memclr_w.o(.text) for __aeabi_memclr4
    tim.o(i.HAL_TIM_MspPostInit) refers to stm32h7xx_hal_gpio.o(i.HAL_GPIO_Init) for HAL_GPIO_Init
    tim.o(i.MX_TIM1_Init) refers to rt_memclr_w.o(.text) for __aeabi_memclr4
    tim.o(i.MX_TIM1_Init) refers to stm32h7xx_hal_tim.o(i.HAL_TIM_PWM_Init) for HAL_TIM_PWM_Init
    tim.o(i.MX_TIM1_Init) refers to main.o(i.Error_Handler) for Error_Handler
    tim.o(i.MX_TIM1_Init) refers to stm32h7xx_hal_tim_ex.o(i.HAL_TIMEx_MasterConfigSynchronization) for HAL_TIMEx_MasterConfigSynchronization
[...]
    _printf_l                                0x08000377   Thumb Code     0  _printf_l.o(.ARM.Collect$$_printf_percent$$00000012)
    _printf_c                                0x08000381   Thumb Code     0  _printf_c.o(.ARM.Collect$$_printf_percent$$00000013)
    _printf_s                                0x08000387   Thumb Code     0  _printf_s.o(.ARM.Collect$$_printf_percent$$00000014)
    _printf_lc                               0x0800038d   Thumb Code     0  _printf_lc.o(.ARM.Collect$$_printf_percent$$00000015)
    _printf_ls                               0x08000393   Thumb Code     0  _printf_ls.o(.ARM.Collect$$_printf_percent$$00000016)
    _printf_percent_end                      0x08000399   Thumb Code     0  _printf_percent_end.o(.ARM.Collect$$_printf_percent$$00000017)
    __rt_lib_init                            0x0800039d   Thumb Code     0  libinit.o(.ARM.Collect$$libinit$$00000000)
    __rt_lib_init_fp_1                       0x0800039f   Thumb Code     0  libinit2.o(.ARM.Collect$$libinit$$00000001)
    __rt_lib_init_heap_1                     0x080003a3   Thumb Code     0  libinit2.o(.ARM.Collect$$libinit$$0000000A)
    __rt_lib_init_lc_common                  0x080003a3   Thumb Code     0  libinit2.o(.ARM.Collect$$libinit$$0000000F)
    __rt_lib_init_preinit_1                  0x080003a3   Thumb Code     0  libinit2.o(.ARM.Collect$$libinit$$00000004)
    __rt_lib_init_rand_1                     0x080003a3   Thumb Code     0  libinit2.o(.ARM.Collect$$libinit$$0000000E)
    __rt_lib_init_user_alloc_1               0x080003a3   Thumb Code     0  libinit2.o(.ARM.Collect$$libinit$$0000000C)
    __rt_lib_init_lc_collate_1               0x080003a9   Thumb Code     0  libinit2.o(.ARM.Collect$$libinit$$00000011)
    __rt_lib_init_lc_ctype_2                 0x080003a9   Thumb Code     0  libinit2.o(.ARM.Collect$$libinit$$00000012)
    __rt_lib_init_lc_ctype_1                 0x080003b5   Thumb Code     0  libinit2.o(.ARM.Collect$$libinit$$00000013)
    __rt_lib_init_lc_monetary_1              0x080003b5   Thumb Code     0  libinit2.o(.ARM.Collect$$libinit$$00000015)
    __rt_lib_init_lc_numeric_2               0x080003b5   Thumb Code     0  libinit2.o(.ARM.Collect$$libinit$$00000016)
    __rt_lib_init_alloca_1                   0x080003bf   Thumb Code     0  libinit2.o(.ARM.Collect$$libinit$$0000002E)
    __rt_lib_init_argv_1                     0x080003bf   Thumb Code     0  libinit2.o(.ARM.Collect$$libinit$$0000002C)
    __rt_lib_init_atexit_1                   0x080003bf   Thumb Code     0  libinit2.o(.ARM.Collect$$libinit$$0000001B)
    __rt_lib_init_clock_1                    0x080003bf   Thumb Code     0  libinit2.o(.ARM.Collect$$libinit$$00000021)
    __rt_lib_init_cpp_1                      0x080003bf   Thumb Code     0  libinit2.o(.ARM.Collect$$libinit$$00000032)
    __rt_lib_init_exceptions_1               0x080003bf   Thumb Code     0  libinit2.o(.ARM.Collect$$libinit$$00000030)
    __rt_lib_init_fp_trap_1                  0x080003bf   Thumb Code     0  libinit2.o(.ARM.Collect$$libinit$$0000001F)
    __rt_lib_init_getenv_1                   0x080003bf   Thumb Code     0  libinit2.o(.ARM.Collect$$libinit$$00000023)
    __rt_lib_init_lc_numeric_1               0x080003bf   Thumb Code     0  libinit2.o(.ARM.Collect$$libinit$$00000017)
    __rt_lib_init_lc_time_1                  0x080003bf   Thumb Code     0  libinit2.o(.ARM.Collect$$libinit$$00000019)
    __rt_lib_init_return                     0x080003bf   Thumb Code     0  libinit2.o(.ARM.Collect$$libinit$$00000033)
    __rt_lib_init_signal_1                   0x080003bf   Thumb Code     0  libinit2.o(.ARM.Collect$$libinit$$0000001D)
    __rt_lib_init_stdio_1                    0x080003bf   Thumb Code     0  libinit2.o(.ARM.Collect$$libinit$$00000025)
    __rt_lib_shutdown                        0x080003c1   Thumb Code     0  libshutdown.o(.ARM.Collect$$libshutdown$$00000000)
    __rt_lib_shutdown_cpp_1                  0x080003c3   Thumb Code     0  libshutdown2.o(.ARM.Collect$$libshutdown$$00000002)
    __rt_lib_shutdown_fp_trap_1              0x080003c3   Thumb Code     0  libshutdown2.o(.ARM.Collect$$libshutdown$$00000007)
    __rt_lib_shutdown_heap_1                 0x080003c3   Thumb Code     0  libshutdown2.o(.ARM.Collect$$libshutdown$$0000000F)
    __rt_lib_shutdown_return                 0x080003c3   Thumb Code     0  libshutdown2.o(.ARM.Collect$$libshutdown$$00000010)
    __rt_lib_shutdown_signal_1               0x080003c3   Thumb Code     0  libshutdown2.o(.ARM.Collect$$libshutdown$$0000000A)
    __rt_lib_shutdown_stdio_1                0x080003c3   Thumb Code     0  libshutdown2.o(.ARM.Collect$$libshutdown$$00000004)
    __rt_lib_shutdown_user_alloc_1           0x080003c3   Thumb Code     0  libshutdown2.o(.ARM.Collect$$libshutdown$$0000000C)
    __rt_entry                               0x080003c5   Thumb Code     0  __rtentry.o(.ARM.Collect$$rtentry$$00000000)
    __rt_entry_presh_1                       0x080003c5   Thumb Code     0  __rtentry2.o(.ARM.Collect$$rtentry$$00000002)
    __rt_entry_sh                            0x080003c5   Thumb Code     0  __rtentry4.o(.ARM.Collect$$rtentry$$00000004)
    __rt_entry_li                            0x080003cb   Thumb Code     0  __rtentry2.o(.ARM.Collect$$rtentry$$0000000A)
    __rt_entry_postsh_1                      0x080003cb   Thumb Code     0  __rtentry2.o(.ARM.Collect$$rtentry$$00000009)
    __rt_entry_main                          0x080003cf   Thumb Code     0  __rtentry2.o(.ARM.Collect$$rtentry$$0000000D)
    __rt_entry_postli_1                      0x080003cf   Thumb Code     0  __rtentry2.o(.ARM.Collect$$rtentry$$0000000C)
    __rt_exit                                0x080003d7   Thumb Code     0  rtexit.o(.ARM.Collect$$rtexit$$00000000)
    __rt_exit_ls                             0x080003d9   Thumb Code     0  rtexit2.o(.ARM.Collect$$rtexit$$00000003)
    __rt_exit_prels_1                        0x080003d9   Thumb Code     0  rtexit2.o(.ARM.Collect$$rtexit$$00000002)
    __rt_exit_exit                           0x080003dd   Thumb Code     0  rtexit2.o(.ARM.Collect$$rtexit$$00000004)
    Reset_Handler                            0x080003e5   Thumb Code    12  startup_stm32h750xx.o(.text)
    ADC3_IRQHandler                          0x08000403   Thumb Code     0  startup_stm32h750xx.o(.text)
    ADC_IRQHandler                           0x08000403   Thumb Code     0  startup_stm32h750xx.o(.text)
    BDMA_Channel0_IRQHandler                 0x08000403   Thumb Code     0  startup_stm32h750xx.o(.text)
    BDMA_Channel1_IRQHandler                 0x08000403   Thumb Code     0  startup_stm32h750xx.o(.text)
    BDMA_Channel2_IRQHandler                 0x08000403   Thumb Code     0  startup_stm32h750xx.o(.text)
    BDMA_Channel3_IRQHandler                 0x08000403   Thumb Code     0  startup_stm32h750xx.o(.text)
    BDMA_Channel4_IRQHandler                 0x08000403   Thumb Code     0  startup_stm32h750xx.o(.text)
    BDMA_Channel5_IRQHandler                 0x08000403   Thumb Code     0  startup_stm32h750xx.o(.text)
    BDMA_Channel6_IRQHandler                 0x08000403   Thumb Code     0  startup_stm32h750xx.o(.text)
    BDMA_Channel7_IRQHandler                 0x08000403   Thumb Code     0  startup_stm32h750xx.o(.text)
    CEC_IRQHandler                           0x08000403   Thumb Code     0  startup_stm32h750xx.o(.text)
    COMP1_IRQHandler                         0x08000403   Thumb Code     0  startup_stm32h750xx.o(.text)
    CRS_IRQHandler                           0x08000403   Thumb Code     0  startup_stm32h750xx.o(.text)
    CRYP_IRQHandler                          0x08000403   Thumb Code     0  startup_stm32h750xx.o(.text)
    DCMI_IRQHandler                          0x08000403   Thumb Code     0  startup_stm32h750xx.o(.text)
    DFSDM1_FLT0_IRQHandler                   0x08000403   Thumb Code     0  startup_stm32h750xx.o(.text)
    DFSDM1_FLT1_IRQHandler                   0x08000403   Thumb Code     0  startup_stm32h750xx.o(.text)
    DFSDM1_FLT2_IRQHandler                   0x08000403   Thumb Code     0  startup_stm32h750xx.o(.text)
    DFSDM1_FLT3_IRQHandler                   0x08000403   Thumb Code     0  startup_stm32h750xx.o(.text)
    DMA1_Stream2_IRQHandler                  0x08000403   Thumb Code     0  startup_stm32h750xx.o(.text)
    DMA1_Stream3_IRQHandler                  0x08000403   Thumb Code     0  startup_stm32h750xx.o(.text)
    DMA1_Stream4_IRQHandler                  0x08000403   Thumb Code     0  startup_stm32h750xx.o(.text)
    DMA1_Stream5_IRQHandler                  0x08000403   Thumb Code     0  startup_stm32h750xx.o(.text)
    DMA1_Stream6_IRQHandler                  0x08000403   Thumb Code     0  startup_stm32h750xx.o(.text)
    DMA1_Stream7_IRQHandler                  0x08000403   Thumb Code     0  startup_stm32h750xx.o(.text)
    DMA2D_IRQHandler                         0x08000403   Thumb Code     0  startup_stm32h750xx.o(.text)
    DMA2_Stream0_IRQHandler                  0x08000403   Thumb Code     0  startup_stm32h750xx.o(.text)
    DMA2_Stream1_IRQHandler                  0x08000403   Thumb Code     0  startup_stm32h750xx.o(.text)
    DMA2_Stream2_IRQHandler                  0x08000403   Thumb Code     0  startup_stm32h750xx.o(.text)
    DMA2_Stream3_IRQHandler                  0x08000403   Thumb Code     0  startup_stm32h750xx.o(.text)
    DMA2_Stream4_IRQHandler                  0x08000403   Thumb Code     0  startup_stm32h750xx.o(.text)
    DMA2_Stream5_IRQHandler                  0x08000403   Thumb Code     0  startup_stm32h750xx.o(.text)
    DMA2_Stream6_IRQHandler                  0x08000403   Thumb Code     0  startup_stm32h750xx.o(.text)
    DMA2_Stream7_IRQHandler                  0x08000403   Thumb Code     0  startup_stm32h750xx.o(.text)
    DMAMUX1_OVR_IRQHandler                   0x08000403   Thumb Code     0  startup_stm32h750xx.o(.text)
    DMAMUX2_OVR_IRQHandler                   0x08000403   Thumb Code     0  startup_stm32h750xx.o(.text)
    ECC_IRQHandler                           0x08000403   Thumb Code     0  startup_stm32h750xx.o(.text)
    ETH_IRQHandler                           0x08000403   Thumb Code     0  startup_stm32h750xx.o(.text)
    ETH_WKUP_IRQHandler                      0x08000403   Thumb Code     0  startup_stm32h750xx.o(.text)
    EXTI0_IRQHandler                         0x08000403   Thumb Code     0  startup_stm32h750xx.o(.text)
    EXTI15_10_IRQHandler                     0x08000403   Thumb Code     0  startup_stm32h750xx.o(.text)
    EXTI1_IRQHandler                         0x08000403   Thumb Code     0  startup_stm32h750xx.o(.text)
    EXTI2_IRQHandler                         0x08000403   Thumb Code     0  startup_stm32h750xx.o(.text)
    EXTI3_IRQHandler                         0x08000403   Thumb Code     0  startup_stm32h750xx.o(.text)
    EXTI4_IRQHandler                         0x08000403   Thumb Code     0  startup_stm32h750xx.o(.text)
    EXTI9_5_IRQHandler                       0x08000403   Thumb Code     0  startup_stm32h750xx.o(.text)
    FDCAN1_IT0_IRQHandler                    0x08000403   Thumb Code     0  startup_stm32h750xx.o(.text)
    FDCAN1_IT1_IRQHandler                    0x08000403   Thumb Code     0  startup_stm32h750xx.o(.text)
    FDCAN2_IT0_IRQHandler                    0x08000403   Thumb Code     0  startup_stm32h750xx.o(.text)
    FDCAN2_IT1_IRQHandler                    0x08000403   Thumb Code     0  startup_stm32h750xx.o(.text)
    FDCAN_CAL_IRQHandler                     0x08000403   Thumb Code     0  startup_stm32h750xx.o(.text)
    FLASH_IRQHandler                         0x08000403   Thumb Code     0  startup_stm32h750xx.o(.text)
    FMC_IRQHandler                           0x08000403   Thumb Code     0  startup_stm32h750xx.o(.text)
    FPU_IRQHandler                           0x08000403   Thumb Code     0  startup_stm32h750xx.o(.text)
    HASH_RNG_IRQHandler                      0x08000403   Thumb Code     0  startup_stm32h750xx.o(.text)
    HRTIM1_FLT_IRQHandler                    0x08000403   Thumb Code     0  startup_stm32h750xx.o(.text)
    HRTIM1_Master_IRQHandler                 0x08000403   Thumb Code     0  startup_stm32h750xx.o(.text)
    HRTIM1_TIMA_IRQHandler                   0x08000403   Thumb Code     0  startup_stm32h750xx.o(.text)
    HRTIM1_TIMB_IRQHandler                   0x08000403   Thumb Code     0  startup_stm32h750xx.o(.text)
    HRTIM1_TIMC_IRQHandler                   0x08000403   Thumb Code     0  startup_stm32h750xx.o(.text)
    HRTIM1_TIMD_IRQHandler                   0x08000403   Thumb Code     0  startup_stm32h750xx.o(.text)
    HRTIM1_TIME_IRQHandler                   0x08000403   Thumb Code     0  startup_stm32h750xx.o(.text)
    HSEM1_IRQHandler                         0x08000403   Thumb Code     0  startup_stm32h750xx.o(.text)
    I2C1_ER_IRQHandler                       0x08000403   Thumb Code     0  startup_stm32h750xx.o(.text)
    I2C1_EV_IRQHandler                       0x08000403   Thumb Code     0  startup_stm32h750xx.o(.text)
    I2C2_ER_IRQHandler                       0x08000403   Thumb Code     0  startup_stm32h750xx.o(.text)
    I2C2_EV_IRQHandler                       0x08000403   Thumb Code     0  startup_stm32h750xx.o(.text)
    I2C3_ER_IRQHandler                       0x08000403   Thumb Code     0  startup_stm32h750xx.o(.text)
    I2C3_EV_IRQHandler                       0x08000403   Thumb Code     0  startup_stm32h750xx.o(.text)
    I2C4_ER_IRQHandler                       0x08000403   Thumb Code     0  startup_stm32h750xx.o(.text)
    I2C4_EV_IRQHandler                       0x08000403   Thumb Code     0  startup_stm32h750xx.o(.text)
    JPEG_IRQHandler                          0x08000403   Thumb Code     0  startup_stm32h750xx.o(.text)
    LPTIM1_IRQHandler                        0x08000403   Thumb Code     0  startup_stm32h750xx.o(.text)
    LPTIM2_IRQHandler                        0x08000403   Thumb Code     0  startup_stm32h750xx.o(.text)
    LPTIM3_IRQHandler                        0x08000403   Thumb Code     0  startup_stm32h750xx.o(.text)
    LPTIM4_IRQHandler                        0x08000403   Thumb Code     0  startup_stm32h750xx.o(.text)
    LPTIM5_IRQHandler                        0x08000403   Thumb Code     0  startup_stm32h750xx.o(.text)
    LPUART1_IRQHandler                       0x08000403   Thumb Code     0  startup_stm32h750xx.o(.text)
    LTDC_ER_IRQHandler                       0x08000403   Thumb Code     0  startup_stm32h750xx.o(.text)
    LTDC_IRQHandler                          0x08000403   Thumb Code     0  startup_stm32h750xx.o(.text)
    MDIOS_IRQHandler                         0x08000403   Thumb Code     0  startup_stm32h750xx.o(.text)
    MDIOS_WKUP_IRQHandler                    0x08000403   Thumb Code     0  startup_stm32h750xx.o(.text)
    MDMA_IRQHandler                          0x08000403   Thumb Code     0  startup_stm32h750xx.o(.text)
    OTG_FS_EP1_IN_IRQHandler                 0x08000403   Thumb Code     0  startup_stm32h750xx.o(.text)
    OTG_FS_EP1_OUT_IRQHandler                0x08000403   Thumb Code     0  startup_stm32h750xx.o(.text)
    OTG_FS_IRQHandler                        0x08000403   Thumb Code     0  startup_stm32h750xx.o(.text)
    OTG_FS_WKUP_IRQHandler                   0x08000403   Thumb Code     0  startup_stm32h750xx.o(.text)
    OTG_HS_EP1_IN_IRQHandler                 0x08000403   Thumb Code     0  startup_stm32h750xx.o(.text)
    OTG_HS_EP1_OUT_IRQHandler                0x08000403   Thumb Code     0  startup_stm32h750xx.o(.text)
    OTG_HS_IRQHandler                        0x08000403   Thumb Code     0  startup_stm32h750xx.o(.text)
    OTG_HS_WKUP_IRQHandler                   0x08000403   Thumb Code     0  startup_stm32h750xx.o(.text)
    PVD_AVD_IRQHandler                       0x08000403   Thumb Code     0  startup_stm32h750xx.o(.text)
    QUADSPI_IRQHandler                       0x08000403   Thumb Code     0  startup_stm32h750xx.o(.text)
    RCC_IRQHandler                           0x08000403   Thumb Code     0  startup_stm32h750xx.o(.text)
    RTC_Alarm_IRQHandler                     0x08000403   Thumb Code     0  startup_stm32h750xx.o(.text)
    RTC_WKUP_IRQHandler                      0x08000403   Thumb Code     0  startup_stm32h750xx.o(.text)
    SAI1_IRQHandler                          0x08000403   Thumb Code     0  startup_stm32h750xx.o(.text)
    SAI2_IRQHandler                          0x08000403   Thumb Code     0  startup_stm32h750xx.o(.text)
    SAI3_IRQHandler                          0x08000403   Thumb Code     0  startup_stm32h750xx.o(.text)
    SAI4_IRQHandler                          0x08000403   Thumb Code     0  startup_stm32h750xx.o(.text)
    SDMMC1_IRQHandler                        0x08000403   Thumb Code     0  startup_stm32h750xx.o(.text)
    SDMMC2_IRQHandler                        0x08000403   Thumb Code     0  startup_stm32h750xx.o(.text)
    SPDIF_RX_IRQHandler                      0x08000403   Thumb Code     0  startup_stm32h750xx.o(.text)
    SPI1_IRQHandler                          0x08000403   Thumb Code     0  startup_stm32h750xx.o(.text)
    SPI2_IRQHandler                          0x08000403   Thumb Code     0  startup_stm32h750xx.o(.text)
    SPI3_IRQHandler                          0x08000403   Thumb Code     0  startup_stm32h750xx.o(.text)
    SPI4_IRQHandler                          0x08000403   Thumb Code     0  startup_stm32h750xx.o(.text)
    SPI5_IRQHandler                          0x08000403   Thumb Code     0  startup_stm32h750xx.o(.text)
    SPI6_IRQHandler                          0x08000403   Thumb Code     0  startup_stm32h750xx.o(.text)
    SWPMI1_IRQHandler                        0x08000403   Thumb Code     0  startup_stm32h750xx.o(.text)
    TAMP_STAMP_IRQHandler                    0x08000403   Thumb Code     0  startup_stm32h750xx.o(.text)
    TIM15_IRQHandler                         0x08000403   Thumb Code     0  startup_stm32h750xx.o(.text)
    TIM16_IRQHandler                         0x08000403   Thumb Code     0  startup_stm32h750xx.o(.text)
    TIM17_IRQHandler                         0x08000403   Thumb Code     0  startup_stm32h750xx.o(.text)
    TIM1_BRK_IRQHandler                      0x08000403   Thumb Code     0  startup_stm32h750xx.o(.text)
    TIM1_CC_IRQHandler                       0x08000403   Thumb Code     0  startup_stm32h750xx.o(.text)
    TIM1_TRG_COM_IRQHandler                  0x08000403   Thumb Code     0  startup_stm32h750xx.o(.text)
    TIM1_UP_IRQHandler                       0x08000403   Thumb Code     0  startup_stm32h750xx.o(.text)
    TIM2_IRQHandler                          0x08000403   Thumb Code     0  startup_stm32h750xx.o(.text)
    TIM3_IRQHandler                          0x08000403   Thumb Code     0  startup_stm32h750xx.o(.text)
    TIM4_IRQHandler                          0x08000403   Thumb Code     0  startup_stm32h750xx.o(.text)
    TIM5_IRQHandler                          0x08000403   Thumb Code     0  startup_stm32h750xx.o(.text)
    TIM6_DAC_IRQHandler                      0x08000403   Thumb Code     0  startup_stm32h750xx.o(.text)
    TIM7_IRQHandler                          0x08000403   Thumb Code     0  startup_stm32h750xx.o(.text)
    TIM8_BRK_TIM12_IRQHandler                0x08000403   Thumb Code     0  startup_stm32h750xx.o(.text)
    TIM8_CC_IRQHandler                       0x08000403   Thumb Code     0  startup_stm32h750xx.o(.text)
    TIM8_TRG_COM_TIM14_IRQHandler            0x08000403   Thumb Code     0  startup_stm32h750xx.o(.text)
    TIM8_UP_TIM13_IRQHandler                 0x08000403   Thumb Code     0  startup_stm32h750xx.o(.text)
    UART4_IRQHandler                         0x08000403   Thumb Code     0  startup_stm32h750xx.o(.text)
    UART5_IRQHandler                         0x08000403   Thumb Code     0  startup_stm32h750xx.o(.text)
    UART7_IRQHandler                         0x08000403   Thumb Code     0  startup_stm32h750xx.o(.text)
    UART8_IRQHandler                         0x08000403   Thumb Code     0  startup_stm32h750xx.o(.text)
    USART2_IRQHandler                        0x08000403   Thumb Code     0  startup_stm32h750xx.o(.text)
    USART3_IRQHandler                        0x08000403   Thumb Code     0  startup_stm32h750xx.o(.text)
    USART6_IRQHandler                        0x08000403   Thumb Code     0  startup_stm32h750xx.o(.text)
    WAKEUP_PIN_IRQHandler                    0x08000403   Thumb Code     0  startup_stm32h750xx.o(.text)
    WWDG_IRQHandler                          0x08000403   Thumb Code     0  startup_stm32h750xx.o(.text)
    __user_initial_stackheap                 0x08000405   Thumb Code     0  startup_stm32h750xx.o(.text)
    __aeabi_uldivmod                         0x0800042d   Thumb Code     0  lludivv7m.o(.text)
    _ll_udiv                                 0x0800042d   Thumb Code   238  lludivv7m.o(.text)
    vsnprintf                                0x0800051d   Thumb Code    48  vsnprintf.o(.text)
    __2snprintf                              0x08000551   Thumb Code    50  __2snprintf.o(.text)
    _printf_pre_padding                      0x08000589   Thumb Code    44  _printf_pad.o(.text)
    _printf_post_padding                     0x080005b5   Thumb Code    34  _printf_pad.o(.text)
    _printf_int_dec                          0x080005d9   Thumb Code   104  _printf_dec.o(.text)
    __printf                                 0x08000651   Thumb Code   388  __printf_flags_ss_wp.o(.text)
    __aeabi_memclr4                          0x080007d9   Thumb Code     0  rt_memclr_w.o(.text)
    __aeabi_memclr8                          0x080007d9   Thumb Code     0  rt_memclr_w.o(.text)
    __rt_memclr_w                            0x080007d9   Thumb Code    78  rt_memclr_w.o(.text)
    _memset_w                                0x080007dd   Thumb Code     0  rt_memclr_w.o(.text)
    __use_two_region_memory                  0x08000827   Thumb Code     2  heapauxi.o(.text)
    __rt_heap_escrow$2region                 0x08000829   Thumb Code     2  heapauxi.o(.text)
    __rt_heap_expand$2region                 0x0800082b   Thumb Code     2  heapauxi.o(.text)
    _printf_truncate_signed                  0x0800082d   Thumb Code    18  _printf_truncate.o(.text)
    _printf_truncate_unsigned                0x0800083f   Thumb Code    18  _printf_truncate.o(.text)
    _printf_str                              0x08000851   Thumb Code    82  _printf_str.o(.text)
    _printf_int_common                       0x080008a3   Thumb Code   178  _printf_intcommon.o(.text)
    _printf_charcount                        0x08000955   Thumb Code    40  _printf_charcount.o(.text)
    _printf_char_common                      0x08000987   Thumb Code    32  _printf_char_common.o(.text)
    _sputc                                   0x080009ad   Thumb Code    10  _sputc.o(.text)
    _snputc                                  0x080009b7   Thumb Code    16  _snputc.o(.text)
    _printf_wctomb                           0x080009c9   Thumb Code   182  _printf_wctomb.o(.text)
    _printf_longlong_dec                     0x08000a85   Thumb Code   108  _printf_longlong_dec.o(.text)
    _printf_longlong_oct                     0x08000b01   Thumb Code    66  _printf_oct_int_ll.o(.text)
    _printf_int_oct                          0x08000b43   Thumb Code    24  _printf_oct_int_ll.o(.text)
    _printf_ll_oct                           0x08000b5b   Thumb Code    12  _printf_oct_int_ll.o(.text)
    _printf_longlong_hex                     0x08000b71   Thumb Code    86  _printf_hex_int_ll_ptr.o(.text)
    _printf_int_hex                          0x08000bc7   Thumb Code    28  _printf_hex_int_ll_ptr.o(.text)
    _printf_ll_hex                           0x08000be3   Thumb Code    12  _printf_hex_int_ll_ptr.o(.text)
    _printf_hex_ptr                          0x08000bef   Thumb Code    18  _printf_hex_int_ll_ptr.o(.text)
    _ll_udiv10                               0x08000c05   Thumb Code   138  lludiv10.o(.text)
    __lib_sel_fp_printf                      0x08000c8f   Thumb Code     2  _printf_fp_dec.o(.text)
    _printf_fp_dec_real                      0x08000e41   Thumb Code   620  _printf_fp_dec.o(.text)
    _printf_fp_hex_real                      0x080010ad   Thumb Code   756  _printf_fp_hex.o(.text)
    _printf_cs_common                        0x080013a9   Thumb Code    20  _printf_char.o(.text)
    _printf_char                             0x080013bd   Thumb Code    16  _printf_char.o(.text)
    _printf_string                           0x080013cd   Thumb Code     8  _printf_char.o(.text)
    _printf_lcs_common                       0x080013d5   Thumb Code    20  _printf_wchar.o(.text)
    _printf_wchar                            0x080013e9   Thumb Code    16  _printf_wchar.o(.text)
    _printf_wstring                          0x080013f9   Thumb Code     8  _printf_wchar.o(.text)
    _wcrtomb                                 0x08001401   Thumb Code    64  _wcrtomb.o(.text)
    __user_setup_stackheap                   0x08001441   Thumb Code    74  sys_stackheap_outer.o(.text)
    __rt_ctype_table                         0x0800148d   Thumb Code    16  rt_ctype_table.o(.text)
    __rt_locale                              0x0800149d   Thumb Code     8  rt_locale_intlibspace.o(.text)
    _printf_fp_infnan                        0x080014a5   Thumb Code   112  _printf_fp_infnan.o(.text)
    _btod_etento                             0x08001525   Thumb Code   224  bigflt0.o(.text)
    exit                                     0x08001609   Thumb Code    18  exit.o(.text)
    __user_libspace                          0x0800161d   Thumb Code     8  libspace.o(.text)
    __user_perproc_libspace                  0x0800161d   Thumb Code     0  libspace.o(.text)
    __user_perthread_libspace                0x0800161d   Thumb Code     0  libspace.o(.text)
    strcmp                                   0x08001625   Thumb Code   104  strcmpv7m_pel.o(.text)
    _sys_exit                                0x0800168d   Thumb Code     8  sys_exit.o(.text)
    __I$use$semihosting                      0x08001699   Thumb Code     0  use_no_semi.o(.text)
    __use_no_semihosting_swi                 0x08001699   Thumb Code     2  use_no_semi.o(.text)
    __semihosting_library_function           0x0800169b   Thumb Code     0  indicate_semi.o(.text)
    _btod_d2e                                0x0800169b   Thumb Code    62  btod.o(CL$$btod_d2e)
    _d2e_denorm_low                          0x080016d9   Thumb Code    70  btod.o(CL$$btod_d2e_denorm_low)
    _d2e_norm_op1                            0x0800171f   Thumb Code    96  btod.o(CL$$btod_d2e_norm_op1)
    __btod_div_common                        0x0800177f   Thumb Code   696  btod.o(CL$$btod_div_common)
    _e2e                                     0x08001ab7   Thumb Code   220  btod.o(CL$$btod_e2e)
    _btod_ediv                               0x08001b93   Thumb Code    42  btod.o(CL$$btod_ediv)
    _btod_emul                               0x08001bbd   Thumb Code    42  btod.o(CL$$btod_emul)
    __btod_mult_common                       0x08001be7   Thumb Code   580  btod.o(CL$$btod_mult_common)
    APP_DHT11_Init                           0x08001e2d   Thumb Code    68  app_dht11.o(i.APP_DHT11_Init)
    APP_DHT11_Update                         0x08001e91   Thumb Code   150  app_dht11.o(i.APP_DHT11_Update)
    BSP_Delay_ms                             0x08001f89   Thumb Code     4  bsp_timer.o(i.BSP_Delay_ms)
    BSP_Delay_us                             0x08001f8d   Thumb Code    16  bsp_timer.o(i.BSP_Delay_us)
    BSP_GetTick                              0x08001fa1   Thumb Code     4  bsp_timer.o(i.BSP_GetTick)
    BSP_IIC_Init                             0x08001fa5   Thumb Code     2  bsp_iic.o(i.BSP_IIC_Init)
    BSP_Timer_Init                           0x08001fa9   Thumb Code     6  bsp_timer.o(i.BSP_Timer_Init)
    BusFault_Handler                         0x08001fb5   Thumb Code     2  stm32h7xx_it.o(i.BusFault_Handler)
    Chip_DHT11_Init                          0x08001fb9   Thumb Code    64  chip_dht11.o(i.Chip_DHT11_Init)
    Chip_DHT11_Read                          0x08002021   Thumb Code   320  chip_dht11.o(i.Chip_DHT11_Read)
    Chip_LCD_FillScreen                      0x08002231   Thumb Code    26  chip_lcd.o(i.Chip_LCD_FillScreen)
    Chip_LCD_Init                            0x08002259   Thumb Code   116  chip_lcd.o(i.Chip_LCD_Init)
    Chip_LCD_ShowString                      0x08002405   Thumb Code    82  chip_lcd.o(i.Chip_LCD_ShowString)
    Chip_Print_Init                          0x08002457   Thumb Code     2  chip_print.o(i.Chip_Print_Init)
    Chip_Print_Send                          0x08002459   Thumb Code    24  chip_print.o(i.Chip_Print_Send)
    DMA1_Stream0_IRQHandler                  0x080024a5   Thumb Code     6  stm32h7xx_it.o(i.DMA1_Stream0_IRQHandler)
    DMA1_Stream1_IRQHandler                  0x080024b1   Thumb Code     6  stm32h7xx_it.o(i.DMA1_Stream1_IRQHandler)
    DebugMon_Handler                         0x080026d5   Thumb Code     2  stm32h7xx_it.o(i.DebugMon_Handler)
    Error_Handler                            0x080026d7   Thumb Code     4  main.o(i.Error_Handler)
    ExitRun0Mode                             0x080026dd   Thumb Code    22  system_stm32h7xx.o(i.ExitRun0Mode)
    HAL_DMA_Abort                            0x080026f9   Thumb Code   836  stm32h7xx_hal_dma.o(i.HAL_DMA_Abort)
    HAL_DMA_Abort_IT                         0x08002a59   Thumb Code   602  stm32h7xx_hal_dma.o(i.HAL_DMA_Abort_IT)
    HAL_DMA_IRQHandler                       0x08002cdd   Thumb Code  1756  stm32h7xx_hal_dma.o(i.HAL_DMA_IRQHandler)
    HAL_DMA_Init                             0x080033c5   Thumb Code   926  stm32h7xx_hal_dma.o(i.HAL_DMA_Init)
    HAL_Delay                                0x08003789   Thumb Code    32  stm32h7xx_hal.o(i.HAL_Delay)
    HAL_GPIO_Init                            0x080037ad   Thumb Code   506  stm32h7xx_hal_gpio.o(i.HAL_GPIO_Init)
    HAL_GPIO_WritePin                        0x080039d9   Thumb Code    10  stm32h7xx_hal_gpio.o(i.HAL_GPIO_WritePin)
    HAL_GetREVID                             0x080039e5   Thumb Code     8  stm32h7xx_hal.o(i.HAL_GetREVID)
    HAL_GetTick                              0x080039f1   Thumb Code     6  stm32h7xx_hal.o(i.HAL_GetTick)
    HAL_IncTick                              0x080039fd   Thumb Code    12  stm32h7xx_hal.o(i.HAL_IncTick)
    HAL_Init                                 0x08003a0d   Thumb Code    74  stm32h7xx_hal.o(i.HAL_Init)
    HAL_InitTick                             0x08003a69   Thumb Code    56  stm32h7xx_hal.o(i.HAL_InitTick)
    HAL_MPU_ConfigRegion                     0x08003aa9   Thumb Code    86  stm32h7xx_hal_cortex.o(i.HAL_MPU_ConfigRegion)
    HAL_MPU_Disable                          0x08003b05   Thumb Code    24  stm32h7xx_hal_cortex.o(i.HAL_MPU_Disable)
    HAL_MPU_Enable                           0x08003b21   Thumb Code    30  stm32h7xx_hal_cortex.o(i.HAL_MPU_Enable)
    HAL_MspInit                              0x08003b45   Thumb Code    22  stm32h7xx_hal_msp.o(i.HAL_MspInit)
    HAL_MultiProcessor_Init                  0x08003b61   Thumb Code   138  stm32h7xx_hal_uart.o(i.HAL_MultiProcessor_Init)
    HAL_NVIC_EnableIRQ                       0x08003beb   Thumb Code    26  stm32h7xx_hal_cortex.o(i.HAL_NVIC_EnableIRQ)
    HAL_NVIC_SetPriority                     0x08003c05   Thumb Code    60  stm32h7xx_hal_cortex.o(i.HAL_NVIC_SetPriority)
    HAL_NVIC_SetPriorityGrouping             0x08003c45   Thumb Code    28  stm32h7xx_hal_cortex.o(i.HAL_NVIC_SetPriorityGrouping)
    HAL_PWREx_ConfigSupply                   0x08003c69   Thumb Code    78  stm32h7xx_hal_pwr_ex.o(i.HAL_PWREx_ConfigSupply)
    HAL_RCCEx_GetD3PCLK1Freq                 0x08003cbd   Thumb Code    26  stm32h7xx_hal_rcc_ex.o(i.HAL_RCCEx_GetD3PCLK1Freq)
    HAL_RCCEx_GetPLL2ClockFreq               0x08003ce1   Thumb Code   296  stm32h7xx_hal_rcc_ex.o(i.HAL_RCCEx_GetPLL2ClockFreq)
    HAL_RCCEx_GetPLL3ClockFreq               0x08003e25   Thumb Code   296  stm32h7xx_hal_rcc_ex.o(i.HAL_RCCEx_GetPLL3ClockFreq)
    HAL_RCCEx_PeriphCLKConfig                0x08003f69   Thumb Code  2472  stm32h7xx_hal_rcc_ex.o(i.HAL_RCCEx_PeriphCLKConfig)
    HAL_RCC_ClockConfig                      0x08004915   Thumb Code   580  stm32h7xx_hal_rcc.o(i.HAL_RCC_ClockConfig)
    HAL_RCC_GetHCLKFreq                      0x08004b71   Thumb Code    52  stm32h7xx_hal_rcc.o(i.HAL_RCC_GetHCLKFreq)
    HAL_RCC_GetPCLK1Freq                     0x08004bb5   Thumb Code    26  stm32h7xx_hal_rcc.o(i.HAL_RCC_GetPCLK1Freq)
    HAL_RCC_GetPCLK2Freq                     0x08004bd9   Thumb Code    26  stm32h7xx_hal_rcc.o(i.HAL_RCC_GetPCLK2Freq)
    HAL_RCC_GetSysClockFreq                  0x08004bfd   Thumb Code   278  stm32h7xx_hal_rcc.o(i.HAL_RCC_GetSysClockFreq)
    HAL_RCC_OscConfig                        0x08004d35   Thumb Code  1410  stm32h7xx_hal_rcc.o(i.HAL_RCC_OscConfig)
    HAL_SPI_Init                             0x080052b9   Thumb Code   366  stm32h7xx_hal_spi.o(i.HAL_SPI_Init)
    HAL_SPI_MspInit                          0x08005435   Thumb Code   122  spi.o(i.HAL_SPI_MspInit)
    HAL_SPI_Receive                          0x080054bd   Thumb Code   628  stm32h7xx_hal_spi.o(i.HAL_SPI_Receive)
    HAL_SPI_Transmit                         0x08005731   Thumb Code   578  stm32h7xx_hal_spi.o(i.HAL_SPI_Transmit)
    HAL_SYSTICK_Config                       0x08005973   Thumb Code    38  stm32h7xx_hal_cortex.o(i.HAL_SYSTICK_Config)
    HAL_TIMEx_ConfigBreakDeadTime            0x08005999   Thumb Code   150  stm32h7xx_hal_tim_ex.o(i.HAL_TIMEx_ConfigBreakDeadTime)
    HAL_TIMEx_MasterConfigSynchronization    0x08005a39   Thumb Code   134  stm32h7xx_hal_tim_ex.o(i.HAL_TIMEx_MasterConfigSynchronization)
    HAL_TIMEx_PWMN_Start                     0x08005add   Thumb Code   172  stm32h7xx_hal_tim_ex.o(i.HAL_TIMEx_PWMN_Start)
    HAL_TIM_Base_Init                        0x08005ba9   Thumb Code    98  stm32h7xx_hal_tim.o(i.HAL_TIM_Base_Init)
    HAL_TIM_Base_MspInit                     0x08005c0d   Thumb Code    30  tim.o(i.HAL_TIM_Base_MspInit)
    HAL_TIM_Base_Start                       0x08005c31   Thumb Code    96  stm32h7xx_hal_tim.o(i.HAL_TIM_Base_Start)
    HAL_TIM_ConfigClockSource                0x08005cb1   Thumb Code   248  stm32h7xx_hal_tim.o(i.HAL_TIM_ConfigClockSource)
    HAL_TIM_MspPostInit                      0x08005dad   Thumb Code    72  tim.o(i.HAL_TIM_MspPostInit)
    HAL_TIM_PWM_ConfigChannel                0x08005e01   Thumb Code   292  stm32h7xx_hal_tim.o(i.HAL_TIM_PWM_ConfigChannel)
    HAL_TIM_PWM_Init                         0x08005f25   Thumb Code    98  stm32h7xx_hal_tim.o(i.HAL_TIM_PWM_Init)
    HAL_TIM_PWM_MspInit                      0x08005f89   Thumb Code    30  tim.o(i.HAL_TIM_PWM_MspInit)
    HAL_UARTEx_DisableFifoMode               0x08005fb1   Thumb Code    64  stm32h7xx_hal_uart_ex.o(i.HAL_UARTEx_DisableFifoMode)
    HAL_UARTEx_RxEventCallback               0x08005ff1   Thumb Code     2  stm32h7xx_hal_uart.o(i.HAL_UARTEx_RxEventCallback)
    HAL_UARTEx_RxFifoFullCallback            0x08005ff3   Thumb Code     2  stm32h7xx_hal_uart_ex.o(i.HAL_UARTEx_RxFifoFullCallback)
    HAL_UARTEx_SetRxFifoThreshold            0x08005ff5   Thumb Code    76  stm32h7xx_hal_uart_ex.o(i.HAL_UARTEx_SetRxFifoThreshold)
    HAL_UARTEx_SetTxFifoThreshold            0x08006041   Thumb Code    76  stm32h7xx_hal_uart_ex.o(i.HAL_UARTEx_SetTxFifoThreshold)
    HAL_UARTEx_TxFifoEmptyCallback           0x0800608d   Thumb Code     2  stm32h7xx_hal_uart_ex.o(i.HAL_UARTEx_TxFifoEmptyCallback)
    HAL_UARTEx_WakeupCallback                0x0800608f   Thumb Code     2  stm32h7xx_hal_uart_ex.o(i.HAL_UARTEx_WakeupCallback)
    HAL_UART_ErrorCallback                   0x08006091   Thumb Code     2  stm32h7xx_hal_uart.o(i.HAL_UART_ErrorCallback)
    HAL_UART_IRQHandler                      0x08006095   Thumb Code   898  stm32h7xx_hal_uart.o(i.HAL_UART_IRQHandler)
    HAL_UART_MspInit                         0x08006431   Thumb Code   230  usart.o(i.HAL_UART_MspInit)
    HAL_UART_Transmit                        0x0800652d   Thumb Code   176  stm32h7xx_hal_uart.o(i.HAL_UART_Transmit)
    HAL_UART_TxCpltCallback                  0x080065dd   Thumb Code     2  stm32h7xx_hal_uart.o(i.HAL_UART_TxCpltCallback)
    HardFault_Handler                        0x080065df   Thumb Code     2  stm32h7xx_it.o(i.HardFault_Handler)
    Logic_Init                               0x080065e1   Thumb Code    28  logic.o(i.Logic_Init)
    Logic_Loop                               0x08006601   Thumb Code    30  logic.o(i.Logic_Loop)
    MX_DMA_Init                              0x08006625   Thumb Code    56  dma.o(i.MX_DMA_Init)
    MX_GPIO_Init                             0x08006661   Thumb Code   134  gpio.o(i.MX_GPIO_Init)
    MX_SPI4_Init                             0x080066f5   Thumb Code    88  spi.o(i.MX_SPI4_Init)
    MX_TIM1_Init                             0x08006755   Thumb Code   166  tim.o(i.MX_TIM1_Init)
    MX_TIM2_Init                             0x08006805   Thumb Code    94  tim.o(i.MX_TIM2_Init)
    MX_USART1_UART_Init                      0x08006869   Thumb Code    96  usart.o(i.MX_USART1_UART_Init)
    MemManage_Handler                        0x080068d1   Thumb Code     2  stm32h7xx_it.o(i.MemManage_Handler)
    NMI_Handler                              0x080068d3   Thumb Code     2  stm32h7xx_it.o(i.NMI_Handler)
    PendSV_Handler                           0x080068d5   Thumb Code     2  stm32h7xx_it.o(i.PendSV_Handler)
    Print_Init                               0x080068d9   Thumb Code     6  logic.o(i.Print_Init)
    Print_Loop                               0x080068f1   Thumb Code     2  logic.o(i.Print_Loop)
    Printg                                   0x080068f3   Thumb Code    36  formula_print.o(i.Printg)
    ST7735_DeInit                            0x08006c5b   Thumb Code     4  st7735.o(i.ST7735_DeInit)
    ST7735_DisplayOff                        0x08006c61   Thumb Code   118  st7735.o(i.ST7735_DisplayOff)
    ST7735_DisplayOn                         0x08006ce1   Thumb Code   118  st7735.o(i.ST7735_DisplayOn)
    ST7735_DrawBitmap                        0x08006d61   Thumb Code   304  st7735.o(i.ST7735_DrawBitmap)
    ST7735_DrawHLine                         0x08006e99   Thumb Code    86  st7735.o(i.ST7735_DrawHLine)
    ST7735_DrawVLine                         0x08006ef9   Thumb Code    66  st7735.o(i.ST7735_DrawVLine)
    ST7735_FillRGBRect                       0x08006f41   Thumb Code   124  st7735.o(i.ST7735_FillRGBRect)
    ST7735_FillRect                          0x08006fc5   Thumb Code    60  st7735.o(i.ST7735_FillRect)
    ST7735_GetBrightness                     0x08007001   Thumb Code     6  st7735.o(i.ST7735_GetBrightness)
    ST7735_GetOrientation                    0x08007009   Thumb Code    10  st7735.o(i.ST7735_GetOrientation)
    ST7735_GetPixel                          0x08007019   Thumb Code    86  st7735.o(i.ST7735_GetPixel)
    ST7735_GetXSize                          0x08007071   Thumb Code    10  st7735.o(i.ST7735_GetXSize)
    ST7735_GetYSize                          0x08007081   Thumb Code    10  st7735.o(i.ST7735_GetYSize)
    ST7735_Init                              0x080070ab   Thumb Code  1202  st7735.o(i.ST7735_Init)
    ST7735_ReadID                            0x0800755d   Thumb Code    74  st7735.o(i.ST7735_ReadID)
    ST7735_RegisterBusIO                     0x080075c5   Thumb Code    70  st7735.o(i.ST7735_RegisterBusIO)
    ST7735_SetBrightness                     0x0800762b   Thumb Code     6  st7735.o(i.ST7735_SetBrightness)
    ST7735_SetCursor                         0x08007631   Thumb Code   200  st7735.o(i.ST7735_SetCursor)
    ST7735_SetOrientation                    0x08007815   Thumb Code   150  st7735.o(i.ST7735_SetOrientation)
    ST7735_SetPixel                          0x080078b5   Thumb Code    68  st7735.o(i.ST7735_SetPixel)
    SVC_Handler                              0x08007911   Thumb Code     2  stm32h7xx_it.o(i.SVC_Handler)
    SysTick_Handler                          0x08007913   Thumb Code     4  stm32h7xx_it.o(i.SysTick_Handler)
    SystemClock_Config                       0x08007919   Thumb Code   136  main.o(i.SystemClock_Config)
    SystemInit                               0x080079a9   Thumb Code   206  system_stm32h7xx.o(i.SystemInit)
    TIM_Base_SetConfig                       0x08007aa1   Thumb Code   170  stm32h7xx_hal_tim.o(i.TIM_Base_SetConfig)
    TIM_ETR_SetConfig                        0x08007b87   Thumb Code    18  stm32h7xx_hal_tim.o(i.TIM_ETR_SetConfig)
    TIM_OC2_SetConfig                        0x08007c51   Thumb Code   126  stm32h7xx_hal_tim.o(i.TIM_OC2_SetConfig)
    UART_AdvFeatureConfig                    0x08007f6d   Thumb Code   200  stm32h7xx_hal_uart.o(i.UART_AdvFeatureConfig)
    UART_CheckIdleState                      0x08008035   Thumb Code   170  stm32h7xx_hal_uart.o(i.UART_CheckIdleState)
    UART_SetConfig                           0x08008145   Thumb Code   876  stm32h7xx_hal_uart.o(i.UART_SetConfig)
    UART_WaitOnFlagUntilTimeout              0x080084f1   Thumb Code   148  stm32h7xx_hal_uart.o(i.UART_WaitOnFlagUntilTimeout)
    USART1_IRQHandler                        0x08008585   Thumb Code     6  stm32h7xx_it.o(i.USART1_IRQHandler)
    UsageFault_Handler                       0x08008591   Thumb Code     2  stm32h7xx_it.o(i.UsageFault_Handler)
    __ARM_fpclassify                         0x08008593   Thumb Code    48  fpclassify.o(i.__ARM_fpclassify)
    _is_digit                                0x080085e5   Thumb Code    14  __printf_wp.o(i._is_digit)
    main                                     0x08008769   Thumb Code   126  main.o(i.main)
    st7735_read_reg                          0x080087e7   Thumb Code    14  st7735_reg.o(i.st7735_read_reg)
    st7735_recv_data                         0x080087f5   Thumb Code    14  st7735_reg.o(i.st7735_recv_data)
    st7735_send_data                         0x08008803   Thumb Code    14  st7735_reg.o(i.st7735_send_data)
    st7735_write_reg                         0x08008811   Thumb Code    14  st7735_reg.o(i.st7735_write_reg)
    _get_lc_numeric                          0x08008821   Thumb Code    44  lc_numeric_c.o(locale$$code)
    _get_lc_ctype                            0x0800884d   Thumb Code    44  lc_ctype_c.o(locale$$code)
    _fp_init                                 0x08008879   Thumb Code    10  fpinit.o(x$fpl$fpinit)
    __fplib_config_fpu_vfp                   0x08008881   Thumb Code     0  fpinit.o(x$fpl$fpinit)
    __fplib_config_pureend_doubles           0x08008881   Thumb Code     0  fpinit.o(x$fpl$fpinit)
    _printf_fp_dec                           0x08008883   Thumb Code     4  printf1.o(x$fpl$printf1)
    _printf_fp_hex                           0x08008887   Thumb Code     4  printf2.o(x$fpl$printf2)
    __I$use$fp                               0x0800888a   Number         0  usenofp.o(x$fpl$usenofp)
    UARTPrescTable                           0x08008892   Data          24  stm32h7xx_hal_uart.o(.constdata)
    D1CorePrescTable                         0x080088ba   Data          16  system_stm32h7xx.o(.constdata)
    asc2_1206                                0x080088ca   Data        1140  chip_lcd.o(.constdata)
    asc2_1608                                0x08008d3e   Data        1520  chip_lcd.o(.constdata)
    Region$$Table$$Base                      0x0800942c   Number         0  anon$$obj.o(Region$$Table)
    Region$$Table$$Limit                     0x0800944c   Number         0  anon$$obj.o(Region$$Table)
    __ctype                                  0x08009475   Data           0  lc_ctype_c.o(locale$$data)
    uwTickFreq                               0x24000000   Data           1  stm32h7xx_hal.o(.data)
    uwTickPrio                               0x24000004   Data           4  stm32h7xx_hal.o(.data)
    uwTick                                   0x24000008   Data           4  stm32h7xx_hal.o(.data)
    SystemCoreClock                          0x2400000c   Data           4  system_stm32h7xx.o(.data)
    SystemD2Clock                            0x24000010   Data           4  system_stm32h7xx.o(.data)
    ST7735_LCD_Driver                        0x24000018   Data          76  st7735.o(.data)
    htim2                                    0x24000090   Data          76  tim.o(.bss)
    htim1                                    0x240000dc   Data          76  tim.o(.bss)
    huart1                                   0x24000128   Data         148  usart.o(.bss)
    hdma_usart1_rx                           0x240001bc   Data         120  usart.o(.bss)
    hdma_usart1_tx                           0x24000234   Data         120  usart.o(.bss)
    hspi4                                    0x240002ac   Data         136  spi.o(.bss)
    ST7735Ctx                                0x2400088c   Data          16  st7735.o(.bss)
    __libspace_start                         0x2400089c   Data          96  libspace.o(.bss)
    __temporary_stack_top$libspace           0x240008fc   Data           0  libspace.o(.bss)



==============================================================================

Memory Map of the image

  Image Entry point : 0x08000299

  Load Region LR_IROM1 (Base: 0x08000000, Size: 0x00009608, Max: 0x00020000, ABSOLUTE)

    Execution Region ER_IROM1 (Exec base: 0x08000000, Load base: 0x08000000, Size: 0x00009578, Max: 0x00020000, ABSOLUTE)

    Exec Addr    Load Addr    Size         Type   Attr      Idx    E Section Name        Object

    0x08000000   0x08000000   0x00000298   Data   RO            3    RESET               startup_stm32h750xx.o
    0x08000298   0x08000298   0x00000008   Code   RO         5373  * !!!main             c_w.l(__main.o)
    0x080002a0   0x080002a0   0x00000034   Code   RO         5678    !!!scatter          c_w.l(__scatter.o)
    0x080002d4   0x080002d4   0x0000001a   Code   RO         5680    !!handler_copy      c_w.l(__scatter_copy.o)
    0x080002ee   0x080002ee   0x00000002   PAD
    0x080002f0   0x080002f0   0x0000001c   Code   RO         5682    !!handler_zi        c_w.l(__scatter_zi.o)
    0x0800030c   0x0800030c   0x00000000   Code   RO         5368    .ARM.Collect$$_printf_percent$$00000000  c_w.l(_printf_percent.o)
    0x0800030c   0x0800030c   0x00000006   Code   RO         5428    .ARM.Collect$$_printf_percent$$00000001  c_w.l(_printf_n.o)
    0x08000312   0x08000312   0x00000006   Code   RO         5430    .ARM.Collect$$_printf_percent$$00000002  c_w.l(_printf_p.o)
    0x08000318   0x08000318   0x00000006   Code   RO         5434    .ARM.Collect$$_printf_percent$$00000003  c_w.l(_printf_f.o)
    0x0800031e   0x0800031e   0x00000006   Code   RO         5435    .ARM.Collect$$_printf_percent$$00000004  c_w.l(_printf_e.o)
    0x08000324   0x08000324   0x00000006   Code   RO         5436    .ARM.Collect$$_printf_percent$$00000005  c_w.l(_printf_g.o)
    0x0800032a   0x0800032a   0x00000006   Code   RO         5437    .ARM.Collect$$_printf_percent$$00000006  c_w.l(_printf_a.o)
    0x08000330   0x08000330   0x0000000a   Code   RO         5442    .ARM.Collect$$_printf_percent$$00000007  c_w.l(_printf_ll.o)
    0x0800033a   0x0800033a   0x00000006   Code   RO         5432    .ARM.Collect$$_printf_percent$$00000008  c_w.l(_printf_i.o)
    0x08000340   0x08000340   0x00000006   Code   RO         5367    .ARM.Collect$$_printf_percent$$00000009  c_w.l(_printf_d.o)
    0x08000346   0x08000346   0x00000006   Code   RO         5433    .ARM.Collect$$_printf_percent$$0000000A  c_w.l(_printf_u.o)
    0x0800034c   0x0800034c   0x00000006   Code   RO         5431    .ARM.Collect$$_printf_percent$$0000000B  c_w.l(_printf_o.o)
    0x08000352   0x08000352   0x00000006   Code   RO         5429    .ARM.Collect$$_printf_percent$$0000000C  c_w.l(_printf_x.o)
    0x08000358   0x08000358   0x00000006   Code   RO         5439    .ARM.Collect$$_printf_percent$$0000000D  c_w.l(_printf_lli.o)
    0x0800035e   0x0800035e   0x00000006   Code   RO         5440    .ARM.Collect$$_printf_percent$$0000000E  c_w.l(_printf_lld.o)
    0x08000364   0x08000364   0x00000006   Code   RO         5441    .ARM.Collect$$_printf_percent$$0000000F  c_w.l(_printf_llu.o)
    0x0800036a   0x0800036a   0x00000006   Code   RO         5446    .ARM.Collect$$_printf_percent$$00000010  c_w.l(_printf_llo.o)
    0x08000370   0x08000370   0x00000006   Code   RO         5447    .ARM.Collect$$_printf_percent$$00000011  c_w.l(_printf_llx.o)
    0x08000376   0x08000376   0x0000000a   Code   RO         5443    .ARM.Collect$$_printf_percent$$00000012  c_w.l(_printf_l.o)
    0x08000380   0x08000380   0x00000006   Code   RO         5426    .ARM.Collect$$_printf_percent$$00000013  c_w.l(_printf_c.o)
    0x08000386   0x08000386   0x00000006   Code   RO         5427    .ARM.Collect$$_printf_percent$$00000014  c_w.l(_printf_s.o)
    0x0800038c   0x0800038c   0x00000006   Code   RO         5444    .ARM.Collect$$_printf_percent$$00000015  c_w.l(_printf_lc.o)
    0x08000392   0x08000392   0x00000006   Code   RO         5445    .ARM.Collect$$_printf_percent$$00000016  c_w.l(_printf_ls.o)
    0x08000398   0x08000398   0x00000004   Code   RO         5438    .ARM.Collect$$_printf_percent$$00000017  c_w.l(_printf_percent_end.o)
    0x0800039c   0x0800039c   0x00000002   Code   RO         5538    .ARM.Collect$$libinit$$00000000  c_w.l(libinit.o)
    0x0800039e   0x0800039e   0x00000004   Code   RO         5560    .ARM.Collect$$libinit$$00000001  c_w.l(libinit2.o)
    0x080003a2   0x080003a2   0x00000000   Code   RO         5563    .ARM.Collect$$libinit$$00000004  c_w.l(libinit2.o)
    0x080003a2   0x080003a2   0x00000000   Code   RO         5566    .ARM.Collect$$libinit$$0000000A  c_w.l(libinit2.o)
    0x080003a2   0x080003a2   0x00000000   Code   RO         5568    .ARM.Collect$$libinit$$0000000C  c_w.l(libinit2.o)
    0x080003a2   0x080003a2   0x00000000   Code   RO         5570    .ARM.Collect$$libinit$$0000000E  c_w.l(libinit2.o)
    0x080003a2   0x080003a2   0x00000006   Code   RO         5571    .ARM.Collect$$libinit$$0000000F  c_w.l(libinit2.o)
    0x080003a8   0x080003a8   0x00000000   Code   RO         5573    .ARM.Collect$$libinit$$00000011  c_w.l(libinit2.o)
    0x080003a8   0x080003a8   0x0000000c   Code   RO         5574    .ARM.Collect$$libinit$$00000012  c_w.l(libinit2.o)
    0x080003b4   0x080003b4   0x00000000   Code   RO         5575    .ARM.Collect$$libinit$$00000013  c_w.l(libinit2.o)
    0x080003b4   0x080003b4   0x00000000   Code   RO         5577    .ARM.Collect$$libinit$$00000015  c_w.l(libinit2.o)
    0x080003b4   0x080003b4   0x0000000a   Code   RO         5578    .ARM.Collect$$libinit$$00000016  c_w.l(libinit2.o)
    0x080003be   0x080003be   0x00000000   Code   RO         5579    .ARM.Collect$$libinit$$00000017  c_w.l(libinit2.o)
    0x080003be   0x080003be   0x00000000   Code   RO         5581    .ARM.Collect$$libinit$$00000019  c_w.l(libinit2.o)
    0x080003be   0x080003be   0x00000000   Code   RO         5583    .ARM.Collect$$libinit$$0000001B  c_w.l(libinit2.o)
    0x080003be   0x080003be   0x00000000   Code   RO         5585    .ARM.Collect$$libinit$$0000001D  c_w.l(libinit2.o)
    0x080003be   0x080003be   0x00000000   Code   RO         5587    .ARM.Collect$$libinit$$0000001F  c_w.l(libinit2.o)
    0x080003be   0x080003be   0x00000000   Code   RO         5589    .ARM.Collect$$libinit$$00000021  c_w.l(libinit2.o)
    0x080003be   0x080003be   0x00000000   Code   RO         5591    .ARM.Collect$$libinit$$00000023  c_w.l(libinit2.o)
    0x080003be   0x080003be   0x00000000   Code   RO         5593    .ARM.Collect$$libinit$$00000025  c_w.l(libinit2.o)
    0x080003be   0x080003be   0x00000000   Code   RO         5597    .ARM.Collect$$libinit$$0000002C  c_w.l(libinit2.o)
    0x080003be   0x080003be   0x00000000   Code   RO         5599    .ARM.Collect$$libinit$$0000002E  c_w.l(libinit2.o)
    0x080003be   0x080003be   0x00000000   Code   RO         5601    .ARM.Collect$$libinit$$00000030  c_w.l(libinit2.o)
    0x080003be   0x080003be   0x00000000   Code   RO         5603    .ARM.Collect$$libinit$$00000032  c_w.l(libinit2.o)
    0x080003be   0x080003be   0x00000002   Code   RO         5604    .ARM.Collect$$libinit$$00000033  c_w.l(libinit2.o)
    0x080003c0   0x080003c0   0x00000002   Code   RO         5635    .ARM.Collect$$libshutdown$$00000000  c_w.l(libshutdown.o)
    0x080003c2   0x080003c2   0x00000000   Code   RO         5661    .ARM.Collect$$libshutdown$$00000002  c_w.l(libshutdown2.o)
    0x080003c2   0x080003c2   0x00000000   Code   RO         5663    .ARM.Collect$$libshutdown$$00000004  c_w.l(libshutdown2.o)
    0x080003c2   0x080003c2   0x00000000   Code   RO         5666    .ARM.Collect$$libshutdown$$00000007  c_w.l(libshutdown2.o)
    0x080003c2   0x080003c2   0x00000000   Code   RO         5669    .ARM.Collect$$libshutdown$$0000000A  c_w.l(libshutdown2.o)
    0x080003c2   0x080003c2   0x00000000   Code   RO         5671    .ARM.Collect$$libshutdown$$0000000C  c_w.l(libshutdown2.o)
    0x080003c2   0x080003c2   0x00000000   Code   RO         5674    .ARM.Collect$$libshutdown$$0000000F  c_w.l(libshutdown2.o)
    0x080003c2   0x080003c2   0x00000002   Code   RO         5675    .ARM.Collect$$libshutdown$$00000010  c_w.l(libshutdown2.o)
    0x080003c4   0x080003c4   0x00000000   Code   RO         5375    .ARM.Collect$$rtentry$$00000000  c_w.l(__rtentry.o)
    0x080003c4   0x080003c4   0x00000000   Code   RO         5457    .ARM.Collect$$rtentry$$00000002  c_w.l(__rtentry2.o)
    0x080003c4   0x080003c4   0x00000006   Code   RO         5469    .ARM.Collect$$rtentry$$00000004  c_w.l(__rtentry4.o)
    0x080003ca   0x080003ca   0x00000000   Code   RO         5459    .ARM.Collect$$rtentry$$00000009  c_w.l(__rtentry2.o)
    0x080003ca   0x080003ca   0x00000004   Code   RO         5460    .ARM.Collect$$rtentry$$0000000A  c_w.l(__rtentry2.o)
    0x080003ce   0x080003ce   0x00000000   Code   RO         5462    .ARM.Collect$$rtentry$$0000000C  c_w.l(__rtentry2.o)
    0x080003ce   0x080003ce   0x00000008   Code   RO         5463    .ARM.Collect$$rtentry$$0000000D  c_w.l(__rtentry2.o)
    0x080003d6   0x080003d6   0x00000002   Code   RO         5547    .ARM.Collect$$rtexit$$00000000  c_w.l(rtexit.o)
    0x080003d8   0x080003d8   0x00000000   Code   RO         5608    .ARM.Collect$$rtexit$$00000002  c_w.l(rtexit2.o)
    0x080003d8   0x080003d8   0x00000004   Code   RO         5609    .ARM.Collect$$rtexit$$00000003  c_w.l(rtexit2.o)
    0x080003dc   0x080003dc   0x00000006   Code   RO         5610    .ARM.Collect$$rtexit$$00000004  c_w.l(rtexit2.o)
    0x080003e2   0x080003e2   0x00000002   PAD
    0x080003e4   0x080003e4   0x00000048   Code   RO            4    .text               startup_stm32h750xx.o
    0x0800042c   0x0800042c   0x000000ee   Code   RO         5333    .text               c_w.l(lludivv7m.o)
    0x0800051a   0x0800051a   0x00000002   PAD
    0x0800051c   0x0800051c   0x00000034   Code   RO         5335    .text               c_w.l(vsnprintf.o)
    0x08000550   0x08000550   0x00000038   Code   RO         5337    .text               c_w.l(__2snprintf.o)
    0x08000588   0x08000588   0x0000004e   Code   RO         5343    .text               c_w.l(_printf_pad.o)
    0x080005d6   0x080005d6   0x00000002   PAD
    0x080005d8   0x080005d8   0x00000078   Code   RO         5345    .text               c_w.l(_printf_dec.o)
    0x08000650   0x08000650   0x00000188   Code   RO         5364    .text               c_w.l(__printf_flags_ss_wp.o)
    0x080007d8   0x080007d8   0x0000004e   Code   RO         5369    .text               c_w.l(rt_memclr_w.o)
    0x08000826   0x08000826   0x00000006   Code   RO         5371    .text               c_w.l(heapauxi.o)
    0x0800082c   0x0800082c   0x00000024   Code   RO         5380    .text               c_w.l(_printf_truncate.o)
    0x08000850   0x08000850   0x00000052   Code   RO         5382    .text               c_w.l(_printf_str.o)
    0x080008a2   0x080008a2   0x000000b2   Code   RO         5384    .text               c_w.l(_printf_intcommon.o)
    0x08000954   0x08000954   0x00000028   Code   RO         5386    .text               c_w.l(_printf_charcount.o)
    0x0800097c   0x0800097c   0x00000030   Code   RO         5388    .text               c_w.l(_printf_char_common.o)
    0x080009ac   0x080009ac   0x0000000a   Code   RO         5390    .text               c_w.l(_sputc.o)
    0x080009b6   0x080009b6   0x00000010   Code   RO         5392    .text               c_w.l(_snputc.o)
    0x080009c6   0x080009c6   0x00000002   PAD
    0x080009c8   0x080009c8   0x000000bc   Code   RO         5394    .text               c_w.l(_printf_wctomb.o)
    0x08000a84   0x08000a84   0x0000007c   Code   RO         5397    .text               c_w.l(_printf_longlong_dec.o)
    0x08000b00   0x08000b00   0x00000070   Code   RO         5403    .text               c_w.l(_printf_oct_int_ll.o)
    0x08000b70   0x08000b70   0x00000094   Code   RO         5423    .text               c_w.l(_printf_hex_int_ll_ptr.o)
    0x08000c04   0x08000c04   0x0000008a   Code   RO         5473    .text               c_w.l(lludiv10.o)
    0x08000c8e   0x08000c8e   0x0000041e   Code   RO         5475    .text               c_w.l(_printf_fp_dec.o)
    0x080010ac   0x080010ac   0x000002fc   Code   RO         5477    .text               c_w.l(_printf_fp_hex.o)
    0x080013a8   0x080013a8   0x0000002c   Code   RO         5482    .text               c_w.l(_printf_char.o)
    0x080013d4   0x080013d4   0x0000002c   Code   RO         5484    .text               c_w.l(_printf_wchar.o)
    0x08001400   0x08001400   0x00000040   Code   RO         5486    .text               c_w.l(_wcrtomb.o)
    0x08001440   0x08001440   0x0000004a   Code   RO         5488    .text               c_w.l(sys_stackheap_outer.o)
    0x0800148a   0x0800148a   0x00000002   PAD
    0x0800148c   0x0800148c   0x00000010   Code   RO         5490    .text               c_w.l(rt_ctype_table.o)
    0x0800149c   0x0800149c   0x00000008   Code   RO         5495    .text               c_w.l(rt_locale_intlibspace.o)
    0x080014a4   0x080014a4   0x00000080   Code   RO         5497    .text               c_w.l(_printf_fp_infnan.o)
    0x08001524   0x08001524   0x000000e4   Code   RO         5499    .text               c_w.l(bigflt0.o)
    0x08001608   0x08001608   0x00000012   Code   RO         5527    .text               c_w.l(exit.o)
    0x0800161a   0x0800161a   0x00000002   PAD
    0x0800161c   0x0800161c   0x00000008   Code   RO         5544    .text               c_w.l(libspace.o)
    0x08001624   0x08001624   0x00000068   Code   RO         5558    .text               c_w.l(strcmpv7m_pel.o)
    0x0800168c   0x0800168c   0x0000000c   Code   RO         5605    .text               c_w.l(sys_exit.o)
    0x08001698   0x08001698   0x00000002   Code   RO         5624    .text               c_w.l(use_no_semi.o)
    0x0800169a   0x0800169a   0x00000000   Code   RO         5626    .text               c_w.l(indicate_semi.o)
    0x0800169a   0x0800169a   0x0000003e   Code   RO         5502    CL$$btod_d2e        c_w.l(btod.o)
    0x080016d8   0x080016d8   0x00000046   Code   RO         5504    CL$$btod_d2e_denorm_low  c_w.l(btod.o)
    0x0800171e   0x0800171e   0x00000060   Code   RO         5503    CL$$btod_d2e_norm_op1  c_w.l(btod.o)
    0x0800177e   0x0800177e   0x00000338   Code   RO         5512    CL$$btod_div_common  c_w.l(btod.o)
    0x08001ab6   0x08001ab6   0x000000dc   Code   RO         5509    CL$$btod_e2e        c_w.l(btod.o)
    0x08001b92   0x08001b92   0x0000002a   Code   RO         5506    CL$$btod_ediv       c_w.l(btod.o)
    0x08001bbc   0x08001bbc   0x0000002a   Code   RO         5505    CL$$btod_emul       c_w.l(btod.o)
    0x08001be6   0x08001be6   0x00000244   Code   RO         5511    CL$$btod_mult_common  c_w.l(btod.o)
    0x08001e2a   0x08001e2a   0x00000002   PAD
    0x08001e2c   0x08001e2c   0x00000064   Code   RO         5253    i.APP_DHT11_Init    app_dht11.o
    0x08001e90   0x08001e90   0x000000f8   Code   RO         5254    i.APP_DHT11_Update  app_dht11.o
    0x08001f88   0x08001f88   0x00000004   Code   RO         4814    i.BSP_Delay_ms      bsp_timer.o
    0x08001f8c   0x08001f8c   0x00000014   Code   RO         4815    i.BSP_Delay_us      bsp_timer.o
    0x08001fa0   0x08001fa0   0x00000004   Code   RO         4816    i.BSP_GetTick       bsp_timer.o
    0x08001fa4   0x08001fa4   0x00000002   Code   RO         4856    i.BSP_IIC_Init      bsp_iic.o
    0x08001fa6   0x08001fa6   0x00000002   PAD
    0x08001fa8   0x08001fa8   0x0000000c   Code   RO         4817    i.BSP_Timer_Init    bsp_timer.o
    0x08001fb4   0x08001fb4   0x00000002   Code   RO          347    i.BusFault_Handler  stm32h7xx_it.o
    0x08001fb6   0x08001fb6   0x00000002   PAD
    0x08001fb8   0x08001fb8   0x00000068   Code   RO         4886    i.Chip_DHT11_Init   chip_dht11.o
    0x08002020   0x08002020   0x00000210   Code   RO         4887    i.Chip_DHT11_Read   chip_dht11.o
    0x08002230   0x08002230   0x00000028   Code   RO         4927    i.Chip_LCD_FillScreen  chip_lcd.o
    0x08002258   0x08002258   0x0000009c   Code   RO         4928    i.Chip_LCD_Init     chip_lcd.o
    0x080022f4   0x080022f4   0x00000110   Code   RO         4930    i.Chip_LCD_ShowChar  chip_lcd.o
    0x08002404   0x08002404   0x00000052   Code   RO         4931    i.Chip_LCD_ShowString  chip_lcd.o
    0x08002456   0x08002456   0x00000002   Code   RO         5029    i.Chip_Print_Init   chip_print.o
    0x08002458   0x08002458   0x0000001c   Code   RO         5030    i.Chip_Print_Send   chip_print.o
    0x08002474   0x08002474   0x00000030   Code   RO         4888    i.DHT11_WaitLevel   chip_dht11.o
    0x080024a4   0x080024a4   0x0000000c   Code   RO          348    i.DMA1_Stream0_IRQHandler  stm32h7xx_it.o
    0x080024b0   0x080024b0   0x0000000c   Code   RO          349    i.DMA1_Stream1_IRQHandler  stm32h7xx_it.o
    0x080024bc   0x080024bc   0x000000b4   Code   RO         1280    i.DMA_CalcBaseAndBitshift  stm32h7xx_hal_dma.o
    0x08002570   0x08002570   0x0000009c   Code   RO         1281    i.DMA_CalcDMAMUXChannelBaseAndMask  stm32h7xx_hal_dma.o
    0x0800260c   0x0800260c   0x00000074   Code   RO         1282    i.DMA_CalcDMAMUXRequestGenBaseAndMask  stm32h7xx_hal_dma.o
    0x08002680   0x08002680   0x00000054   Code   RO         1283    i.DMA_CheckFifoParam  stm32h7xx_hal_dma.o
    0x080026d4   0x080026d4   0x00000002   Code   RO          350    i.DebugMon_Handler  stm32h7xx_it.o
    0x080026d6   0x080026d6   0x00000004   Code   RO           13    i.Error_Handler     main.o
    0x080026da   0x080026da   0x00000002   PAD
    0x080026dc   0x080026dc   0x0000001c   Code   RO         4771    i.ExitRun0Mode      system_stm32h7xx.o
    0x080026f8   0x080026f8   0x00000360   Code   RO         1285    i.HAL_DMA_Abort     stm32h7xx_hal_dma.o
    0x08002a58   0x08002a58   0x00000284   Code   RO         1286    i.HAL_DMA_Abort_IT  stm32h7xx_hal_dma.o
    0x08002cdc   0x08002cdc   0x000006e8   Code   RO         1290    i.HAL_DMA_IRQHandler  stm32h7xx_hal_dma.o
    0x080033c4   0x080033c4   0x000003c4   Code   RO         1291    i.HAL_DMA_Init      stm32h7xx_hal_dma.o
    0x08003788   0x08003788   0x00000024   Code   RO         1994    i.HAL_Delay         stm32h7xx_hal.o
    0x080037ac   0x080037ac   0x0000022c   Code   RO         1133    i.HAL_GPIO_Init     stm32h7xx_hal_gpio.o
    0x080039d8   0x080039d8   0x0000000a   Code   RO         1137    i.HAL_GPIO_WritePin  stm32h7xx_hal_gpio.o
    0x080039e2   0x080039e2   0x00000002   PAD
    0x080039e4   0x080039e4   0x0000000c   Code   RO         2005    i.HAL_GetREVID      stm32h7xx_hal.o
    0x080039f0   0x080039f0   0x0000000c   Code   RO         2006    i.HAL_GetTick       stm32h7xx_hal.o
    0x080039fc   0x080039fc   0x00000010   Code   RO         2012    i.HAL_IncTick       stm32h7xx_hal.o
    0x08003a0c   0x08003a0c   0x0000005c   Code   RO         2013    i.HAL_Init          stm32h7xx_hal.o
    0x08003a68   0x08003a68   0x00000040   Code   RO         2014    i.HAL_InitTick      stm32h7xx_hal.o
    0x08003aa8   0x08003aa8   0x0000005c   Code   RO          508    i.HAL_MPU_ConfigRegion  stm32h7xx_hal_cortex.o
    0x08003b04   0x08003b04   0x0000001c   Code   RO          509    i.HAL_MPU_Disable   stm32h7xx_hal_cortex.o
    0x08003b20   0x08003b20   0x00000024   Code   RO          511    i.HAL_MPU_Enable    stm32h7xx_hal_cortex.o
    0x08003b44   0x08003b44   0x0000001c   Code   RO          441    i.HAL_MspInit       stm32h7xx_hal_msp.o
    0x08003b60   0x08003b60   0x0000008a   Code   RO         3912    i.HAL_MultiProcessor_Init  stm32h7xx_hal_uart.o
    0x08003bea   0x08003bea   0x0000001a   Code   RO          515    i.HAL_NVIC_EnableIRQ  stm32h7xx_hal_cortex.o
    0x08003c04   0x08003c04   0x00000040   Code   RO          521    i.HAL_NVIC_SetPriority  stm32h7xx_hal_cortex.o
    0x08003c44   0x08003c44   0x00000024   Code   RO          522    i.HAL_NVIC_SetPriorityGrouping  stm32h7xx_hal_cortex.o
    0x08003c68   0x08003c68   0x00000054   Code   RO         1734    i.HAL_PWREx_ConfigSupply  stm32h7xx_hal_pwr_ex.o
    0x08003cbc   0x08003cbc   0x00000024   Code   RO          776    i.HAL_RCCEx_GetD3PCLK1Freq  stm32h7xx_hal_rcc_ex.o
    0x08003ce0   0x08003ce0   0x00000144   Code   RO          778    i.HAL_RCCEx_GetPLL2ClockFreq  stm32h7xx_hal_rcc_ex.o
    0x08003e24   0x08003e24   0x00000144   Code   RO          779    i.HAL_RCCEx_GetPLL3ClockFreq  stm32h7xx_hal_rcc_ex.o
    0x08003f68   0x08003f68   0x000009ac   Code   RO          785    i.HAL_RCCEx_PeriphCLKConfig  stm32h7xx_hal_rcc_ex.o
    0x08004914   0x08004914   0x0000025c   Code   RO          661    i.HAL_RCC_ClockConfig  stm32h7xx_hal_rcc.o
    0x08004b70   0x08004b70   0x00000044   Code   RO          666    i.HAL_RCC_GetHCLKFreq  stm32h7xx_hal_rcc.o
    0x08004bb4   0x08004bb4   0x00000024   Code   RO          668    i.HAL_RCC_GetPCLK1Freq  stm32h7xx_hal_rcc.o
    0x08004bd8   0x08004bd8   0x00000024   Code   RO          669    i.HAL_RCC_GetPCLK2Freq  stm32h7xx_hal_rcc.o
    0x08004bfc   0x08004bfc   0x00000138   Code   RO          670    i.HAL_RCC_GetSysClockFreq  stm32h7xx_hal_rcc.o
    0x08004d34   0x08004d34   0x00000582   Code   RO          673    i.HAL_RCC_OscConfig  stm32h7xx_hal_rcc.o
    0x080052b6   0x080052b6   0x00000002   PAD
    0x080052b8   0x080052b8   0x0000017c   Code   RO         4453    i.HAL_SPI_Init      stm32h7xx_hal_spi.o
    0x08005434   0x08005434   0x00000088   Code   RO          466    i.HAL_SPI_MspInit   spi.o
    0x080054bc   0x080054bc   0x00000274   Code   RO         4456    i.HAL_SPI_Receive   stm32h7xx_hal_spi.o
    0x08005730   0x08005730   0x00000242   Code   RO         4462    i.HAL_SPI_Transmit  stm32h7xx_hal_spi.o
    0x08005972   0x08005972   0x00000026   Code   RO          526    i.HAL_SYSTICK_Config  stm32h7xx_hal_cortex.o
    0x08005998   0x08005998   0x000000a0   Code   RO         3617    i.HAL_TIMEx_ConfigBreakDeadTime  stm32h7xx_hal_tim_ex.o
    0x08005a38   0x08005a38   0x000000a4   Code   RO         3635    i.HAL_TIMEx_MasterConfigSynchronization  stm32h7xx_hal_tim_ex.o
    0x08005adc   0x08005adc   0x000000cc   Code   RO         3646    i.HAL_TIMEx_PWMN_Start  stm32h7xx_hal_tim_ex.o
    0x08005ba8   0x08005ba8   0x00000062   Code   RO         2899    i.HAL_TIM_Base_Init  stm32h7xx_hal_tim.o
    0x08005c0a   0x08005c0a   0x00000002   PAD
    0x08005c0c   0x08005c0c   0x00000024   Code   RO          240    i.HAL_TIM_Base_MspInit  tim.o
    0x08005c30   0x08005c30   0x00000080   Code   RO         2902    i.HAL_TIM_Base_Start  stm32h7xx_hal_tim.o
    0x08005cb0   0x08005cb0   0x000000fc   Code   RO         2908    i.HAL_TIM_ConfigClockSource  stm32h7xx_hal_tim.o
    0x08005dac   0x08005dac   0x00000054   Code   RO          241    i.HAL_TIM_MspPostInit  tim.o
    0x08005e00   0x08005e00   0x00000124   Code   RO         2971    i.HAL_TIM_PWM_ConfigChannel  stm32h7xx_hal_tim.o
    0x08005f24   0x08005f24   0x00000062   Code   RO         2974    i.HAL_TIM_PWM_Init  stm32h7xx_hal_tim.o
    0x08005f86   0x08005f86   0x00000002   PAD
    0x08005f88   0x08005f88   0x00000028   Code   RO          243    i.HAL_TIM_PWM_MspInit  tim.o
    0x08005fb0   0x08005fb0   0x00000040   Code   RO         4324    i.HAL_UARTEx_DisableFifoMode  stm32h7xx_hal_uart_ex.o
    0x08005ff0   0x08005ff0   0x00000002   Code   RO         3913    i.HAL_UARTEx_RxEventCallback  stm32h7xx_hal_uart.o
    0x08005ff2   0x08005ff2   0x00000002   Code   RO         4332    i.HAL_UARTEx_RxFifoFullCallback  stm32h7xx_hal_uart_ex.o
    0x08005ff4   0x08005ff4   0x0000004c   Code   RO         4333    i.HAL_UARTEx_SetRxFifoThreshold  stm32h7xx_hal_uart_ex.o
    0x08006040   0x08006040   0x0000004c   Code   RO         4334    i.HAL_UARTEx_SetTxFifoThreshold  stm32h7xx_hal_uart_ex.o
    0x0800608c   0x0800608c   0x00000002   Code   RO         4336    i.HAL_UARTEx_TxFifoEmptyCallback  stm32h7xx_hal_uart_ex.o
    0x0800608e   0x0800608e   0x00000002   Code   RO         4337    i.HAL_UARTEx_WakeupCallback  stm32h7xx_hal_uart_ex.o
    0x08006090   0x08006090   0x00000002   Code   RO         3929    i.HAL_UART_ErrorCallback  stm32h7xx_hal_uart.o
    0x08006092   0x08006092   0x00000002   PAD
    0x08006094   0x08006094   0x0000039c   Code   RO         3932    i.HAL_UART_IRQHandler  stm32h7xx_hal_uart.o
    0x08006430   0x08006430   0x000000fc   Code   RO          306    i.HAL_UART_MspInit  usart.o
    0x0800652c   0x0800652c   0x000000b0   Code   RO         3942    i.HAL_UART_Transmit  stm32h7xx_hal_uart.o
    0x080065dc   0x080065dc   0x00000002   Code   RO         3945    i.HAL_UART_TxCpltCallback  stm32h7xx_hal_uart.o
    0x080065de   0x080065de   0x00000002   Code   RO          351    i.HardFault_Handler  stm32h7xx_it.o
    0x080065e0   0x080065e0   0x00000020   Code   RO         5280    i.Logic_Init        logic.o
    0x08006600   0x08006600   0x00000024   Code   RO         5281    i.Logic_Loop        logic.o
    0x08006624   0x08006624   0x0000003c   Code   RO          215    i.MX_DMA_Init       dma.o
    0x08006660   0x08006660   0x00000094   Code   RO          191    i.MX_GPIO_Init      gpio.o
    0x080066f4   0x080066f4   0x00000060   Code   RO          467    i.MX_SPI4_Init      spi.o
    0x08006754   0x08006754   0x000000b0   Code   RO          244    i.MX_TIM1_Init      tim.o
    0x08006804   0x08006804   0x00000064   Code   RO          245    i.MX_TIM2_Init      tim.o
    0x08006868   0x08006868   0x00000068   Code   RO          307    i.MX_USART1_UART_Init  usart.o
    0x080068d0   0x080068d0   0x00000002   Code   RO          352    i.MemManage_Handler  stm32h7xx_it.o
    0x080068d2   0x080068d2   0x00000002   Code   RO          353    i.NMI_Handler       stm32h7xx_it.o
    0x080068d4   0x080068d4   0x00000002   Code   RO          354    i.PendSV_Handler    stm32h7xx_it.o
    0x080068d6   0x080068d6   0x00000002   PAD
    0x080068d8   0x080068d8   0x00000018   Code   RO         5282    i.Print_Init        logic.o
    0x080068f0   0x080068f0   0x00000002   Code   RO         5283    i.Print_Loop        logic.o
    0x080068f2   0x080068f2   0x00000024   Code   RO         5312    i.Printg            formula_print.o
    0x08006916   0x08006916   0x00000002   PAD
    0x08006918   0x08006918   0x00000120   Code   RO          788    i.RCCEx_PLL2_Config  stm32h7xx_hal_rcc_ex.o
    0x08006a38   0x08006a38   0x00000120   Code   RO          789    i.RCCEx_PLL3_Config  stm32h7xx_hal_rcc_ex.o
    0x08006b58   0x08006b58   0x000000bc   Code   RO         4473    i.SPI_CloseTransfer  stm32h7xx_hal_spi.o
    0x08006c14   0x08006c14   0x00000046   Code   RO         4490    i.SPI_WaitOnFlagUntilTimeout  stm32h7xx_hal_spi.o
    0x08006c5a   0x08006c5a   0x00000004   Code   RO         5059    i.ST7735_DeInit     st7735.o
    0x08006c5e   0x08006c5e   0x00000002   PAD
    0x08006c60   0x08006c60   0x00000080   Code   RO         5060    i.ST7735_DisplayOff  st7735.o
    0x08006ce0   0x08006ce0   0x00000080   Code   RO         5061    i.ST7735_DisplayOn  st7735.o
    0x08006d60   0x08006d60   0x00000138   Code   RO         5062    i.ST7735_DrawBitmap  st7735.o
    0x08006e98   0x08006e98   0x00000060   Code   RO         5063    i.ST7735_DrawHLine  st7735.o
    0x08006ef8   0x08006ef8   0x00000048   Code   RO         5064    i.ST7735_DrawVLine  st7735.o
    0x08006f40   0x08006f40   0x00000084   Code   RO         5065    i.ST7735_FillRGBRect  st7735.o
    0x08006fc4   0x08006fc4   0x0000003c   Code   RO         5066    i.ST7735_FillRect   st7735.o
    0x08007000   0x08007000   0x00000006   Code   RO         5067    i.ST7735_GetBrightness  st7735.o
    0x08007006   0x08007006   0x00000002   PAD
    0x08007008   0x08007008   0x00000010   Code   RO         5068    i.ST7735_GetOrientation  st7735.o
    0x08007018   0x08007018   0x00000056   Code   RO         5069    i.ST7735_GetPixel   st7735.o
    0x0800706e   0x0800706e   0x00000002   PAD
    0x08007070   0x08007070   0x00000010   Code   RO         5070    i.ST7735_GetXSize   st7735.o
    0x08007080   0x08007080   0x00000010   Code   RO         5071    i.ST7735_GetYSize   st7735.o
    0x08007090   0x08007090   0x0000001a   Code   RO         5072    i.ST7735_IO_Delay   st7735.o
    0x080070aa   0x080070aa   0x000004b2   Code   RO         5073    i.ST7735_Init       st7735.o
    0x0800755c   0x0800755c   0x0000004a   Code   RO         5074    i.ST7735_ReadID     st7735.o
    0x080075a6   0x080075a6   0x0000000e   Code   RO         5075    i.ST7735_ReadRegWrap  st7735.o
    0x080075b4   0x080075b4   0x0000000e   Code   RO         5076    i.ST7735_RecvDataWrap  st7735.o
    0x080075c2   0x080075c2   0x00000002   PAD
    0x080075c4   0x080075c4   0x00000058   Code   RO         5077    i.ST7735_RegisterBusIO  st7735.o
    0x0800761c   0x0800761c   0x0000000e   Code   RO         5078    i.ST7735_SendDataWrap  st7735.o
    0x0800762a   0x0800762a   0x00000006   Code   RO         5079    i.ST7735_SetBrightness  st7735.o
    0x08007630   0x08007630   0x000000cc   Code   RO         5080    i.ST7735_SetCursor  st7735.o
    0x080076fc   0x080076fc   0x00000118   Code   RO         5081    i.ST7735_SetDisplayWindow  st7735.o
    0x08007814   0x08007814   0x000000a0   Code   RO         5082    i.ST7735_SetOrientation  st7735.o
    0x080078b4   0x080078b4   0x00000048   Code   RO         5083    i.ST7735_SetPixel   st7735.o
    0x080078fc   0x080078fc   0x00000014   Code   RO         5084    i.ST7735_WriteRegWrap  st7735.o
    0x08007910   0x08007910   0x00000002   Code   RO          355    i.SVC_Handler       stm32h7xx_it.o
    0x08007912   0x08007912   0x00000004   Code   RO          356    i.SysTick_Handler   stm32h7xx_it.o
    0x08007916   0x08007916   0x00000002   PAD
    0x08007918   0x08007918   0x00000090   Code   RO           14    i.SystemClock_Config  main.o
    0x080079a8   0x080079a8   0x000000f8   Code   RO         4773    i.SystemInit        system_stm32h7xx.o
    0x08007aa0   0x08007aa0   0x000000cc   Code   RO         2992    i.TIM_Base_SetConfig  stm32h7xx_hal_tim.o
    0x08007b6c   0x08007b6c   0x0000001a   Code   RO         3656    i.TIM_CCxNChannelCmd  stm32h7xx_hal_tim_ex.o
    0x08007b86   0x08007b86   0x00000012   Code   RO         3003    i.TIM_ETR_SetConfig  stm32h7xx_hal_tim.o
    0x08007b98   0x08007b98   0x00000014   Code   RO         3004    i.TIM_ITRx_SetConfig  stm32h7xx_hal_tim.o
    0x08007bac   0x08007bac   0x000000a4   Code   RO         3005    i.TIM_OC1_SetConfig  stm32h7xx_hal_tim.o
    0x08007c50   0x08007c50   0x00000098   Code   RO         3006    i.TIM_OC2_SetConfig  stm32h7xx_hal_tim.o
    0x08007ce8   0x08007ce8   0x00000098   Code   RO         3007    i.TIM_OC3_SetConfig  stm32h7xx_hal_tim.o
    0x08007d80   0x08007d80   0x00000078   Code   RO         3008    i.TIM_OC4_SetConfig  stm32h7xx_hal_tim.o
    0x08007df8   0x08007df8   0x00000074   Code   RO         3009    i.TIM_OC5_SetConfig  stm32h7xx_hal_tim.o
    0x08007e6c   0x08007e6c   0x00000074   Code   RO         3010    i.TIM_OC6_SetConfig  stm32h7xx_hal_tim.o
    0x08007ee0   0x08007ee0   0x00000022   Code   RO         3012    i.TIM_TI1_ConfigInputStage  stm32h7xx_hal_tim.o
    0x08007f02   0x08007f02   0x00000024   Code   RO         3014    i.TIM_TI2_ConfigInputStage  stm32h7xx_hal_tim.o
    0x08007f26   0x08007f26   0x00000002   PAD
    0x08007f28   0x08007f28   0x00000044   Code   RO         4338    i.UARTEx_SetNbDataToProcess  stm32h7xx_hal_uart_ex.o
    0x08007f6c   0x08007f6c   0x000000c8   Code   RO         3947    i.UART_AdvFeatureConfig  stm32h7xx_hal_uart.o
    0x08008034   0x08008034   0x000000aa   Code   RO         3948    i.UART_CheckIdleState  stm32h7xx_hal_uart.o
    0x080080de   0x080080de   0x00000010   Code   RO         3949    i.UART_DMAAbortOnError  stm32h7xx_hal_uart.o
    0x080080ee   0x080080ee   0x00000002   PAD
    0x080080f0   0x080080f0   0x00000054   Code   RO         3959    i.UART_EndRxTransfer  stm32h7xx_hal_uart.o
    0x08008144   0x08008144   0x000003ac   Code   RO         3965    i.UART_SetConfig    stm32h7xx_hal_uart.o
    0x080084f0   0x080084f0   0x00000094   Code   RO         3972    i.UART_WaitOnFlagUntilTimeout  stm32h7xx_hal_uart.o
    0x08008584   0x08008584   0x0000000c   Code   RO          357    i.USART1_IRQHandler  stm32h7xx_it.o
    0x08008590   0x08008590   0x00000002   Code   RO          358    i.UsageFault_Handler  stm32h7xx_it.o
    0x08008592   0x08008592   0x00000030   Code   RO         5542    i.__ARM_fpclassify  m_wv.l(fpclassify.o)
    0x080085c2   0x080085c2   0x00000022   Code   RO          528    i.__NVIC_SetPriority  stm32h7xx_hal_cortex.o
    0x080085e4   0x080085e4   0x0000000e   Code   RO         5357    i._is_digit         c_w.l(__printf_wp.o)
    0x080085f2   0x080085f2   0x00000004   Code   RO         4932    i.lcd_bus_init      chip_lcd.o
    0x080085f6   0x080085f6   0x00000004   Code   RO         4933    i.lcd_gettick       chip_lcd.o
    0x080085fa   0x080085fa   0x00000002   PAD
    0x080085fc   0x080085fc   0x0000006c   Code   RO         4934    i.lcd_readreg       chip_lcd.o
    0x08008668   0x08008668   0x00000048   Code   RO         4935    i.lcd_recvdata      chip_lcd.o
    0x080086b0   0x080086b0   0x00000048   Code   RO         4936    i.lcd_senddata      chip_lcd.o
    0x080086f8   0x080086f8   0x00000070   Code   RO         4937    i.lcd_writereg      chip_lcd.o
    0x08008768   0x08008768   0x0000007e   Code   RO           15    i.main              main.o
    0x080087e6   0x080087e6   0x0000000e   Code   RO         5223    i.st7735_read_reg   st7735_reg.o
    0x080087f4   0x080087f4   0x0000000e   Code   RO         5224    i.st7735_recv_data  st7735_reg.o
    0x08008802   0x08008802   0x0000000e   Code   RO         5225    i.st7735_send_data  st7735_reg.o
    0x08008810   0x08008810   0x0000000e   Code   RO         5226    i.st7735_write_reg  st7735_reg.o
    0x0800881e   0x0800881e   0x00000002   PAD
    0x08008820   0x08008820   0x0000002c   Code   RO         5525    locale$$code        c_w.l(lc_numeric_c.o)
    0x0800884c   0x0800884c   0x0000002c   Code   RO         5552    locale$$code        c_w.l(lc_ctype_c.o)
    0x08008878   0x08008878   0x0000000a   Code   RO         5620    x$fpl$fpinit        fz_wv.l(fpinit.o)
    0x08008882   0x08008882   0x00000004   Code   RO         5448    x$fpl$printf1       fz_wv.l(printf1.o)
    0x08008886   0x08008886   0x00000004   Code   RO         5450    x$fpl$printf2       fz_wv.l(printf2.o)
    0x0800888a   0x0800888a   0x00000000   Code   RO         5541    x$fpl$usenofp       fz_wv.l(usenofp.o)
    0x0800888a   0x0800888a   0x00000008   Data   RO         1297    .constdata          stm32h7xx_hal_dma.o
    0x08008892   0x08008892   0x00000018   Data   RO         3973    .constdata          stm32h7xx_hal_uart.o
    0x080088aa   0x080088aa   0x00000010   Data   RO         4339    .constdata          stm32h7xx_hal_uart_ex.o
    0x080088ba   0x080088ba   0x00000010   Data   RO         4774    .constdata          system_stm32h7xx.o
    0x080088ca   0x080088ca   0x00000a64   Data   RO         4942    .constdata          chip_lcd.o
    0x0800932e   0x0800932e   0x00000011   Data   RO         5365    .constdata          c_w.l(__printf_flags_ss_wp.o)
    0x0800933f   0x0800933f   0x00000001   PAD
    0x08009340   0x08009340   0x00000008   Data   RO         5395    .constdata          c_w.l(_printf_wctomb.o)
    0x08009348   0x08009348   0x00000028   Data   RO         5424    .constdata          c_w.l(_printf_hex_int_ll_ptr.o)
    0x08009370   0x08009370   0x00000026   Data   RO         5478    .constdata          c_w.l(_printf_fp_hex.o)
    0x08009396   0x08009396   0x00000002   PAD
    0x08009398   0x08009398   0x00000094   Data   RO         5500    .constdata          c_w.l(bigflt0.o)
    0x0800942c   0x0800942c   0x00000020   Data   RO         5676    Region$$Table       anon$$obj.o
    0x0800944c   0x0800944c   0x0000001c   Data   RO         5524    locale$$data        c_w.l(lc_numeric_c.o)
    0x08009468   0x08009468   0x00000110   Data   RO         5551    locale$$data        c_w.l(lc_ctype_c.o)


    Execution Region RW_IRAM1 (Exec base: 0x20000000, Load base: 0x08009578, Size: 0x00000000, Max: 0x00020000, ABSOLUTE)

    **** No section assigned to this execution region ****


    Execution Region RW_IRAM2 (Exec base: 0x24000000, Load base: 0x08009578, Size: 0x00000f00, Max: 0x00080000, ABSOLUTE)

    Exec Addr    Load Addr    Size         Type   Attr      Idx    E Section Name        Object

    0x24000000   0x08009578   0x0000000c   Data   RW         2035    .data               stm32h7xx_hal.o
    0x2400000c   0x08009584   0x00000008   Data   RW         4775    .data               system_stm32h7xx.o
    0x24000014   0x0800958c   0x00000004   Data   RW         4943    .data               chip_lcd.o
    0x24000018   0x08009590   0x0000004c   Data   RW         5086    .data               st7735.o
    0x24000064   0x080095dc   0x00000020   Data   RW         5087    .data               st7735.o
    0x24000084   0x080095fc   0x00000005   Data   RW         5255    .data               app_dht11.o
    0x24000089   0x08009601   0x00000003   PAD
    0x2400008c   0x08009604   0x00000004   Data   RW         5284    .data               logic.o
    0x24000090        -       0x00000098   Zero   RW          246    .bss                tim.o
    0x24000128        -       0x00000184   Zero   RW          308    .bss                usart.o
    0x240002ac        -       0x00000088   Zero   RW          468    .bss                spi.o
    0x24000334        -       0x00000058   Zero   RW         4938    .bss                chip_lcd.o
    0x2400038c        -       0x00000510   Zero   RW         5085    .bss                st7735.o
    0x2400089c        -       0x00000060   Zero   RW         5545    .bss                c_w.l(libspace.o)
    0x240008fc   0x08009608   0x00000004   PAD
    0x24000900        -       0x00000200   Zero   RW            2    HEAP                startup_stm32h750xx.o
    0x24000b00        -       0x00000400   Zero   RW            1    STACK               startup_stm32h750xx.o


==============================================================================

Image component sizes


      Code (inc. data)   RO Data    RW Data    ZI Data      Debug   Object Name

       348        130          0          5          0       1388   app_dht11.o
         2          0          0          0          0        471   bsp_iic.o
        40         10          0          0          0       2029   bsp_timer.o
       680        258          0          0          0       4040   chip_dht11.o
       922        104       2660          4         88      13672   chip_lcd.o
        30          4          0          0          0       1512   chip_print.o
        60          4          0          0          0        958   dma.o
        36          0          0          0          0       1293   formula_print.o
       148         14          0          0          0       1103   gpio.o
        94         28          0          4          0       2240   logic.o
       274          8          0          0          0    1320100   main.o
       232         22          0          0        136       1993   spi.o
      3246        110          0        108       1296      23908   st7735.o
        56          0          0          0          0       3115   st7735_reg.o
        72         30        664          0       1536        872   startup_stm32h750xx.o
       232         44          0         12          0      23728   stm32h7xx_hal.o
       354         28          0          0          0      42141   stm32h7xx_hal_cortex.o
      4776        180          8          0          0      10059   stm32h7xx_hal_dma.o
       566         50          0          0          0       2404   stm32h7xx_hal_gpio.o
        28          6          0          0          0        990   stm32h7xx_hal_msp.o
        84          6          0          0          0        817   stm32h7xx_hal_pwr_ex.o
      2466        102          0          0          0       7368   stm32h7xx_hal_rcc.o
      3736        118          0          0          0       8081   stm32h7xx_hal_rcc_ex.o
      1844         14          0          0          0       6820   stm32h7xx_hal_spi.o
      2000        234          0          0          0      13971   stm32h7xx_hal_tim.o
       554         72          0          0          0       4107   stm32h7xx_hal_tim_ex.o
      2802        138         24          0          0      31762   stm32h7xx_hal_uart.o
       290          6         16          0          0       5738   stm32h7xx_hal_uart_ex.o
        56         18          0          0          0       5910   stm32h7xx_it.o
       276         48         16          8          0       2113   system_stm32h7xx.o
       436         44          0          0        152       3951   tim.o
       356         30          0          0        388       2264   usart.o

    ----------------------------------------------------------------------
     27134       1860       3420        144       3596    1550918   Object Totals
         0          0         32          0          0          0   (incl. Generated)
        38          0          0          3          0          0   (incl. Padding)

    ----------------------------------------------------------------------

      Code (inc. data)   RO Data    RW Data    ZI Data      Debug   Library Member Name

        56          6          0          0          0         88   __2snprintf.o
         8          0          0          0          0         68   __main.o
       392          4         17          0          0         92   __printf_flags_ss_wp.o
        14          0          0          0          0         68   __printf_wp.o
         0          0          0          0          0          0   __rtentry.o
        12          0          0          0          0          0   __rtentry2.o
         6          0          0          0          0          0   __rtentry4.o
        52          8          0          0          0          0   __scatter.o
        26          0          0          0          0          0   __scatter_copy.o
        28          0          0          0          0          0   __scatter_zi.o
         6          0          0          0          0          0   _printf_a.o
         6          0          0          0          0          0   _printf_c.o
        44          0          0          0          0        108   _printf_char.o
        48          6          0          0          0         96   _printf_char_common.o
        40          0          0          0          0         68   _printf_charcount.o
         6          0          0          0          0          0   _printf_d.o
       120         16          0          0          0         92   _printf_dec.o
         6          0          0          0          0          0   _printf_e.o
         6          0          0          0          0          0   _printf_f.o
      1054          0          0          0          0        216   _printf_fp_dec.o
       764          8         38          0          0        100   _printf_fp_hex.o
       128         16          0          0          0         84   _printf_fp_infnan.o
         6          0          0          0          0          0   _printf_g.o
       148          4         40          0          0        160   _printf_hex_int_ll_ptr.o
         6          0          0          0          0          0   _printf_i.o
       178          0          0          0          0         88   _printf_intcommon.o
        10          0          0          0          0          0   _printf_l.o
         6          0          0          0          0          0   _printf_lc.o
        10          0          0          0          0          0   _printf_ll.o
         6          0          0          0          0          0   _printf_lld.o
         6          0          0          0          0          0   _printf_lli.o
         6          0          0          0          0          0   _printf_llo.o
         6          0          0          0          0          0   _printf_llu.o
         6          0          0          0          0          0   _printf_llx.o
       124         16          0          0          0         92   _printf_longlong_dec.o
         6          0          0          0          0          0   _printf_ls.o
         6          0          0          0          0          0   _printf_n.o
         6          0          0          0          0          0   _printf_o.o
       112         10          0          0          0        124   _printf_oct_int_ll.o
         6          0          0          0          0          0   _printf_p.o
        78          0          0          0          0        108   _printf_pad.o
         0          0          0          0          0          0   _printf_percent.o
         4          0          0          0          0          0   _printf_percent_end.o
         6          0          0          0          0          0   _printf_s.o
        82          0          0          0          0         80   _printf_str.o
        36          0          0          0          0         84   _printf_truncate.o
         6          0          0          0          0          0   _printf_u.o
        44          0          0          0          0        108   _printf_wchar.o
       188          6          8          0          0         92   _printf_wctomb.o
         6          0          0          0          0          0   _printf_x.o
        16          0          0          0          0         68   _snputc.o
        10          0          0          0          0         68   _sputc.o
        64          0          0          0          0         92   _wcrtomb.o
       228          4        148          0          0         96   bigflt0.o
      1936        128          0          0          0        672   btod.o
        18          0          0          0          0         80   exit.o
         6          0          0          0          0        152   heapauxi.o
         0          0          0          0          0          0   indicate_semi.o
        44         10        272          0          0         76   lc_ctype_c.o
        44         10         28          0          0         76   lc_numeric_c.o
         2          0          0          0          0          0   libinit.o
        34          0          0          0          0          0   libinit2.o
         2          0          0          0          0          0   libshutdown.o
         2          0          0          0          0          0   libshutdown2.o
         8          4          0          0         96         68   libspace.o
       138          0          0          0          0         80   lludiv10.o
       238          0          0          0          0        100   lludivv7m.o
        16          4          0          0          0         76   rt_ctype_table.o
         8          4          0          0          0         68   rt_locale_intlibspace.o
        78          0          0          0          0         80   rt_memclr_w.o
         2          0          0          0          0          0   rtexit.o
        10          0          0          0          0          0   rtexit2.o
       104          0          0          0          0         68   strcmpv7m_pel.o
        12          4          0          0          0         68   sys_exit.o
        74          0          0          0          0         80   sys_stackheap_outer.o
         2          0          0          0          0         68   use_no_semi.o
        52          4          0          0          0         80   vsnprintf.o
        10          0          0          0          0        116   fpinit.o
         4          0          0          0          0        116   printf1.o
         4          0          0          0          0        116   printf2.o
         0          0          0          0          0          0   usenofp.o
        48          0          0          0          0        124   fpclassify.o

    ----------------------------------------------------------------------
      7156        272        554          0        100       4704   Library Totals
        16          0          3          0          4          0   (incl. Padding)

    ----------------------------------------------------------------------

      Code (inc. data)   RO Data    RW Data    ZI Data      Debug   Library Name

      7074        272        551          0         96       4232   c_w.l
        18          0          0          0          0        348   fz_wv.l
        48          0          0          0          0        124   m_wv.l

    ----------------------------------------------------------------------
      7156        272        554          0        100       4704   Library Totals

    ----------------------------------------------------------------------

==============================================================================


      Code (inc. data)   RO Data    RW Data    ZI Data      Debug   

     34290       2132       3974        144       3696    1537334   Grand Totals
     34290       2132       3974        144       3696    1537334   ELF Image Totals
     34290       2132       3974        144          0          0   ROM Totals

==============================================================================

    Total RO  Size (Code + RO Data)                38264 (  37.37kB)
    Total RW  Size (RW Data + ZI Data)              3840 (   3.75kB)
    Total ROM Size (Code + RO Data + RW Data)      38408 (  37.51kB)

==============================================================================

