<html>
<body>
<pre>
<h1>µVision Build Log</h1>
<h2>Tool Versions:</h2>
IDE-Version: ¦ÌVision V5.43.1.0
Copyright (C) 2025 ARM Ltd and ARM Germany GmbH. All rights reserved.
License Information: 1 1, 1, LIC=FYKYW-QSARW-WF2I7-E2GWV-GG99N-KZ7AB
 
Tool Versions:
Toolchain:       MDK-ARM Plus  Version: 5.43.0.0
Toolchain Path:  D:\keil\ARM\ARMCC\Bin
C Compiler:      Armcc.exe V5.06 update 5 (build 528)
Assembler:       Armasm.exe V5.06 update 5 (build 528)
Linker/Locator:  ArmLink.exe V5.06 update 5 (build 528)
Library Manager: ArmAr.exe V5.06 update 5 (build 528)
Hex Converter:   FromElf.exe V5.06 update 5 (build 528)
CPU DLL:         SARMCM3.DLL V5.43.0.0
Dialog DLL:      DCM.DLL V1.17.5.0
Target DLL:      CMSIS_AGDI.dll V1.33.24.0
Dialog DLL:      TCM.DLL V1.56.6.0
 
<h2>Project:</h2>
C:\Users\zhoupo\Desktop\Templete\Templete_V0.1_ZhouPo_20260603\MDK-ARM\Templete_V0.1_ZhouPo_20260603.uvprojx
Project File Date:  06/11/2026

<h2>Output:</h2>
*** Using Compiler 'V5.06 update 5 (build 528)', folder: 'D:\keil\ARM\ARMCC\Bin'
Rebuild target 'Templete_V0.1_ZhouPo_20260603'
assembling startup_stm32h750xx.s...
compiling tim.c...
../Core/Src/tim.c(158): warning:  #223-D: function "HAL_TIM_MspPostInit" declared implicitly
    HAL_TIM_MspPostInit(&htim1);
../Core/Src/tim.c(169): warning:  #159-D: declaration is incompatible with previous "HAL_TIM_MspPostInit"  (declared at line 158)
  void HAL_TIM_MspPostInit(TIM_HandleTypeDef *timHandle)
../Core/Src/tim.c: 2 warnings, 0 errors
compiling spi.c...
compiling gpio.c...
compiling stm32h7xx_hal_gpio.c...
compiling main.c...
compiling stm32h7xx_hal_msp.c...
compiling stm32h7xx_hal_hsem.c...
compiling usart.c...
compiling stm32h7xx_hal_flash.c...
compiling dma.c...
compiling stm32h7xx_hal_cortex.c...
compiling stm32h7xx_hal_flash_ex.c...
compiling stm32h7xx_it.c...
compiling stm32h7xx_hal_rcc.c...
compiling stm32h7xx_hal_rcc_ex.c...
compiling stm32h7xx_hal_i2c_ex.c...
compiling stm32h7xx_hal_mdma.c...
compiling stm32h7xx_hal_uart_ex.c...
compiling BSP_IIC.c...
compiling stm32h7xx_hal_spi_ex.c...
compiling stm32h7xx_hal_pwr.c...
compiling stm32h7xx_hal_uart.c...
compiling stm32h7xx_hal_dma_ex.c...
compiling stm32h7xx_hal.c...
compiling st7735.c...
compiling st7735_reg.c...
compiling stm32h7xx_hal_i2c.c...
compiling APP_DHT11.c...
compiling Logic.c...
compiling Formula_Print.c...
compiling stm32h7xx_hal_exti.c...
compiling stm32h7xx_hal_spi.c...
compiling stm32h7xx_hal_pwr_ex.c...
compiling stm32h7xx_hal_tim_ex.c...
compiling stm32h7xx_hal_tim.c...
compiling stm32h7xx_hal_dma.c...
compiling system_stm32h7xx.c...
compiling Chip_LCD.c...
compiling Chip_DHT11.c...
..\User\Chip\Chip_DHT11.c(90): warning:  #177-D: variable "t0"  was declared but never referenced
    uint32_t t0;
..\User\Chip\Chip_DHT11.c: 1 warning, 0 errors
compiling Chip_Print.c...
compiling BSP_Timer.c...
linking...
Program Size: Code=34290 RO-data=3974 RW-data=144 ZI-data=3696  
FromELF: creating hex file...
"Templete_V0.1_ZhouPo_20260603\Templete_V0_1_ZhouPo_20260603.axf" - 0 Error(s), 3 Warning(s).

<h2>Software Packages used:</h2>

Package Vendor: ARM
                https://www.keil.com/pack/ARM.CMSIS.6.2.0.pack
                ARM::CMSIS@6.2.0
                CMSIS (Common Microcontroller Software Interface Standard)
   * Component: CORE Version: 6.1.1

Package Vendor: Keil
                https://www.keil.com/pack/Keil.STM32H7xx_DFP.4.1.1.pack
                Keil::STM32H7xx_DFP@4.1.1
                STMicroelectronics STM32H7 Series Device Support

<h2>Collection of Component include folders:</h2>
  ./RTE/_Templete_V0.1_ZhouPo_20260603
  D:/keil/ARM/PACK/ARM/CMSIS/6.2.0/CMSIS/Core/Include

<h2>Collection of Component Files used:</h2>

   * Component: ARM::CMSIS:CORE@6.1.1
      Include file:  CMSIS/Core/Include/tz_context.h
Build Time Elapsed:  00:00:53
</pre>
</body>
</html>
